Archive member included to satisfy reference by file (symbol)

libbb/lib.a(appletlib.o)      /usr/bin/../lib/gcc/x86_64-redhat-linux/15/../../../../lib64/crt1.o (main)
libbb/lib.a(compare_string_array.o)
                              libbb/lib.a(appletlib.o) (is_prefixed_with)
libbb/lib.a(concat_path_file.o)
                              libbb/lib.a(appletlib.o) (concat_path_file)
libbb/lib.a(default_error_retval.o)
                              libbb/lib.a(appletlib.o) (xfunc_error_retval)
libbb/lib.a(get_last_path_component.o)
                              libbb/lib.a(appletlib.o) (bb_basename)
libbb/lib.a(last_char_is.o)   libbb/lib.a(concat_path_file.o) (last_char_is)
libbb/lib.a(llist.o)          libbb/lib.a(appletlib.o) (llist_free)
libbb/lib.a(messages.o)       libbb/lib.a(appletlib.o) (bb_banner)
libbb/lib.a(perror_msg.o)     libbb/lib.a(appletlib.o) (bb_simple_perror_msg)
libbb/lib.a(ptr_to_globals.o)
                              libbb/lib.a(appletlib.o) (bb_errno)
libbb/lib.a(skip_whitespace.o)
                              libbb/lib.a(appletlib.o) (skip_whitespace)
libbb/lib.a(verror_msg.o)     libbb/lib.a(perror_msg.o) (bb_verror_msg)
libbb/lib.a(wfopen.o)         libbb/lib.a(appletlib.o) (fopen_for_read)
libbb/lib.a(xfunc_die.o)      libbb/lib.a(appletlib.o) (xfunc_die)
libbb/lib.a(xfuncs.o)         libbb/lib.a(appletlib.o) (full_write1_str)
libbb/lib.a(xfuncs_printf.o)  libbb/lib.a(wfopen.o) (bb_die_memory_exhausted)
libbb/lib.a(xreadlink.o)      libbb/lib.a(appletlib.o) (xmalloc_readlink)
libbb/lib.a(copyfd.o)         libbb/lib.a(xfuncs_printf.o) (bb_copyfd_eof)
libbb/lib.a(full_write.o)     libbb/lib.a(verror_msg.o) (full_write)
libbb/lib.a(read.o)           libbb/lib.a(copyfd.o) (safe_read)
libbb/lib.a(safe_write.o)     libbb/lib.a(full_write.o) (safe_write)
libbb/lib.a(signals.o)        libbb/lib.a(xfuncs_printf.o) (kill_myself_with_sig)
libbb/lib.a(time.o)           libbb/lib.a(xfuncs_printf.o) (monotonic_us)
libbb/lib.a(xgetcwd.o)        libbb/lib.a(xreadlink.o) (xrealloc_getcwd_or_warn)
libbb/lib.a(bb_strtonum.o)    libbb/lib.a(time.o) (bb_strtoll)
libpwdgrp/lib.a(pwd_grp.o)    libbb/lib.a(appletlib.o) (bb_internal_getpwnam)
libpwdgrp/lib.a(uidgid_get.o)
                              libbb/lib.a(appletlib.o) (get_uidgid)
loginutils/lib.a(add-remove-shell.o)
                              libbb/lib.a(appletlib.o) (add_remove_shell_main)
loginutils/lib.a(addgroup.o)  libbb/lib.a(appletlib.o) (addgroup_main)
loginutils/lib.a(adduser.o)   libbb/lib.a(appletlib.o) (adduser_main)
loginutils/lib.a(chpasswd.o)  libbb/lib.a(appletlib.o) (chpasswd_main)
loginutils/lib.a(cryptpw.o)   libbb/lib.a(appletlib.o) (cryptpw_main)
loginutils/lib.a(deluser.o)   libbb/lib.a(appletlib.o) (deluser_main)
loginutils/lib.a(getty.o)     libbb/lib.a(appletlib.o) (getty_main)
loginutils/lib.a(login.o)     libbb/lib.a(appletlib.o) (login_main)
loginutils/lib.a(passwd.o)    libbb/lib.a(appletlib.o) (passwd_main)
loginutils/lib.a(su.o)        libbb/lib.a(appletlib.o) (su_main)
loginutils/lib.a(sulogin.o)   libbb/lib.a(appletlib.o) (sulogin_main)
loginutils/lib.a(vlock.o)     libbb/lib.a(appletlib.o) (vlock_main)
mailutils/lib.a(makemime.o)   libbb/lib.a(appletlib.o) (makemime_main)
mailutils/lib.a(popmaildir.o)
                              libbb/lib.a(appletlib.o) (popmaildir_main)
mailutils/lib.a(reformime.o)  libbb/lib.a(appletlib.o) (reformime_main)
mailutils/lib.a(sendmail.o)   libbb/lib.a(appletlib.o) (sendmail_main)
mailutils/lib.a(mail.o)       mailutils/lib.a(popmaildir.o) (launch_helper)
miscutils/lib.a(adjtimex.o)   libbb/lib.a(appletlib.o) (adjtimex_main)
miscutils/lib.a(ascii.o)      libbb/lib.a(appletlib.o) (ascii_main)
miscutils/lib.a(bc.o)         libbb/lib.a(appletlib.o) (bc_main)
miscutils/lib.a(beep.o)       libbb/lib.a(appletlib.o) (beep_main)
miscutils/lib.a(chat.o)       libbb/lib.a(appletlib.o) (chat_main)
miscutils/lib.a(conspy.o)     libbb/lib.a(appletlib.o) (conspy_main)
miscutils/lib.a(crond.o)      libbb/lib.a(appletlib.o) (crond_main)
miscutils/lib.a(crontab.o)    libbb/lib.a(appletlib.o) (crontab_main)
miscutils/lib.a(devmem.o)     libbb/lib.a(appletlib.o) (devmem_main)
miscutils/lib.a(fbsplash.o)   libbb/lib.a(appletlib.o) (fbsplash_main)
miscutils/lib.a(hdparm.o)     libbb/lib.a(appletlib.o) (hdparm_main)
miscutils/lib.a(hexedit.o)    libbb/lib.a(appletlib.o) (hexedit_main)
miscutils/lib.a(i2c_tools.o)  libbb/lib.a(appletlib.o) (i2cget_main)
miscutils/lib.a(less.o)       libbb/lib.a(appletlib.o) (less_main)
miscutils/lib.a(lsscsi.o)     libbb/lib.a(appletlib.o) (lsscsi_main)
miscutils/lib.a(makedevs.o)   libbb/lib.a(appletlib.o) (makedevs_main)
miscutils/lib.a(man.o)        libbb/lib.a(appletlib.o) (man_main)
miscutils/lib.a(microcom.o)   libbb/lib.a(appletlib.o) (microcom_main)
miscutils/lib.a(mt.o)         libbb/lib.a(appletlib.o) (mt_main)
miscutils/lib.a(nandwrite.o)  libbb/lib.a(appletlib.o) (nandwrite_main)
miscutils/lib.a(partprobe.o)  libbb/lib.a(appletlib.o) (partprobe_main)
[...]
Memory Configuration

Name             Origin             Length             Attributes
*default*        0x0000000000000000 0xffffffffffffffff

Linker script and memory map

LOAD /usr/bin/../lib/gcc/x86_64-redhat-linux/15/../../../../lib64/crt1.o
LOAD /usr/bin/../lib/gcc/x86_64-redhat-linux/15/../../../../lib64/crti.o
LOAD /usr/bin/../lib/gcc/x86_64-redhat-linux/15/crtbegin.o
START GROUP
LOAD applets/built-in.o
LOAD archival/lib.a
LOAD archival/libarchive/lib.a
LOAD console-tools/lib.a
LOAD coreutils/lib.a
LOAD coreutils/libcoreutils/lib.a
LOAD debianutils/lib.a
LOAD klibc-utils/lib.a
LOAD e2fsprogs/lib.a
LOAD editors/lib.a
LOAD findutils/lib.a
LOAD init/lib.a
LOAD libbb/lib.a
LOAD libpwdgrp/lib.a
LOAD loginutils/lib.a
LOAD mailutils/lib.a
LOAD miscutils/lib.a
LOAD modutils/lib.a
LOAD networking/lib.a
LOAD networking/libiproute/lib.a
LOAD networking/udhcp/lib.a
LOAD printutils/lib.a
LOAD procps/lib.a
LOAD runit/lib.a
LOAD selinux/lib.a
LOAD shell/lib.a
LOAD sysklogd/lib.a
LOAD util-linux/lib.a
LOAD util-linux/volume_id/lib.a
LOAD archival/built-in.o
LOAD archival/libarchive/built-in.o
LOAD console-tools/built-in.o
LOAD coreutils/built-in.o
LOAD coreutils/libcoreutils/built-in.o
LOAD debianutils/built-in.o
LOAD klibc-utils/built-in.o
LOAD e2fsprogs/built-in.o
LOAD editors/built-in.o
LOAD findutils/built-in.o
LOAD init/built-in.o
LOAD libbb/built-in.o
LOAD libpwdgrp/built-in.o
LOAD loginutils/built-in.o
LOAD mailutils/built-in.o
LOAD miscutils/built-in.o
LOAD modutils/built-in.o
LOAD networking/built-in.o
LOAD networking/libiproute/built-in.o
LOAD networking/udhcp/built-in.o
LOAD printutils/built-in.o
LOAD procps/built-in.o
LOAD runit/built-in.o
LOAD selinux/built-in.o
LOAD shell/built-in.o
LOAD sysklogd/built-in.o
LOAD util-linux/built-in.o
LOAD util-linux/volume_id/built-in.o
END GROUP
START GROUP
LOAD /usr/bin/../lib/gcc/x86_64-redhat-linux/15/../../../../lib64/libm.so
START GROUP
LOAD /lib64/libm.so.6
LOAD /lib64/libmvec.so.1
END GROUP
LOAD /usr/bin/../lib/gcc/x86_64-redhat-linux/15/../../../../lib64/libresolv.so
END GROUP
LOAD /usr/bin/../lib/gcc/x86_64-redhat-linux/15/libgcc.a
LOAD /usr/bin/../lib/gcc/x86_64-redhat-linux/15/libgcc_eh.a
LOAD /usr/bin/../lib/gcc/x86_64-redhat-linux/15/../../../../lib64/libc.so
START GROUP
LOAD /lib64/libc.so.6
LOAD /usr/lib64/libc_nonshared.a
LOAD /lib64/ld-linux-x86-64.so.2
END GROUP
LOAD /usr/bin/../lib/gcc/x86_64-redhat-linux/15/libgcc.a
LOAD /usr/bin/../lib/gcc/x86_64-redhat-linux/15/libgcc_eh.a
LOAD /usr/bin/../lib/gcc/x86_64-redhat-linux/15/crtend.o
LOAD /usr/bin/../lib/gcc/x86_64-redhat-linux/15/../../../../lib64/crtn.o
                [!provide]                        PROVIDE (__executable_start = SEGMENT_START ("text-segment", 0x400000))
                0x0000000000400318                . = (SEGMENT_START ("text-segment", 0x400000) + SIZEOF_HEADERS)

.note.gnu.build-id
                0x0000000000400318       0x24
 *(SORT_BY_ALIGNMENT(.note.gnu.build-id))
 .note.gnu.build-id
                0x0000000000400318       0x24 /usr/bin/../lib/gcc/x86_64-redhat-linux/15/../../../../lib64/crt1.o

.init           0x000000000040033c       0x1b
 *(SORT_NONE(.init))
 .init          0x000000000040033c       0x16 /usr/bin/../lib/gcc/x86_64-redhat-linux/15/../../../../lib64/crti.o
                0x000000000040033c                _init
 .init          0x0000000000400352        0x5 /usr/bin/../lib/gcc/x86_64-redhat-linux/15/../../../../lib64/crtn.o

.plt            0x0000000000400360     0x1860
 *(SORT_BY_ALIGNMENT(.plt))
 .plt           0x0000000000400360     0x1860 /usr/bin/../lib/gcc/x86_64-redhat-linux/15/../../../../lib64/crt1.o
                0x0000000000400370                putchar_unlocked@@GLIBC_2.2.5
                0x0000000000400380                daemon@@GLIBC_2.2.5
                0x0000000000400390                ctime@@GLIBC_2.2.5
                0x00000000004003a0                chmod@@GLIBC_2.2.5
                0x00000000004003b0                setmntent@@GLIBC_2.2.5
                0x00000000004003c0                swapon@@GLIBC_2.2.5
                0x00000000004003d0                mount@@GLIBC_2.2.5
                0x00000000004003e0                symlink@@GLIBC_2.2.5
                0x00000000004003f0                tcsetattr@@GLIBC_2.2.5
                0x0000000000400400                tcgetsid@@GLIBC_2.2.5
                0x0000000000400410                mallopt@@GLIBC_2.2.5
                0x0000000000400420                seteuid@@GLIBC_2.2.5
                0x0000000000400430                chdir@@GLIBC_2.2.5
                0x0000000000400440                endmntent@@GLIBC_2.2.5
                0x0000000000400450                dirname@@GLIBC_2.2.5
                0x0000000000400460                dup2@@GLIBC_2.2.5
                0x0000000000400470                printf@@GLIBC_2.2.5
                0x0000000000400480                atan2@@GLIBC_2.2.5
                0x0000000000400490                stpncpy@@GLIBC_2.2.5
                0x00000000004004a0                strcasestr@@GLIBC_2.2.5
                0x00000000004004b0                execv@@GLIBC_2.2.5
                0x00000000004004c0                ns_parserr@@GLIBC_2.9
                0x00000000004004d0                pause@@GLIBC_2.2.5
                0x00000000004004e0                getc_unlocked@@GLIBC_2.2.5
                0x00000000004004f0                fseeko64@@GLIBC_2.2.5
                0x0000000000400500                mktime@@GLIBC_2.2.5
                0x0000000000400510                memset@@GLIBC_2.2.5
                0x0000000000400520                div@@GLIBC_2.2.5
                0x0000000000400530                getgid@@GLIBC_2.2.5
                0x0000000000400540                snprintf@@GLIBC_2.2.5
                0x0000000000400550                setsid@@GLIBC_2.2.5
                0x0000000000400560                shutdown@@GLIBC_2.2.5
                0x0000000000400570                mmap64@@GLIBC_2.2.5
                0x0000000000400580                wcslen@@GLIBC_2.2.5
                0x0000000000400590                pututxline@@GLIBC_2.2.5
                0x00000000004005a0                inet_pton@@GLIBC_2.2.5
                0x00000000004005b0                close@@GLIBC_2.2.5
                0x00000000004005c0                ns_name_uncompress@@GLIBC_2.34
                0x00000000004005d0                wait@@GLIBC_2.2.5
                0x00000000004005e0                hasmntopt@@GLIBC_2.2.5
                0x00000000004005f0                syslog@@GLIBC_2.2.5
                0x0000000000400600                ioctl@@GLIBC_2.2.5
                0x0000000000400610                shmdt@@GLIBC_2.2.5
                0x0000000000400620                abort@@GLIBC_2.2.5
                0x0000000000400630                __h_errno_location@@GLIBC_2.2.5
                0x0000000000400640                exp@@GLIBC_2.29
                0x0000000000400650                memchr@@GLIBC_2.2.5
                0x0000000000400660                stpcpy@@GLIBC_2.2.5
                0x0000000000400670                ns_get16@@GLIBC_2.9
                0x0000000000400680                vasprintf@@GLIBC_2.2.5
                0x0000000000400690                getpgrp@@GLIBC_2.2.5
                0x00000000004006a0                clock_gettime@@GLIBC_2.17
                0x00000000004006b0                ns_get32@@GLIBC_2.9
                0x00000000004006c0                isatty@@GLIBC_2.2.5
                0x00000000004006d0                utimes@@GLIBC_2.2.5
                0x00000000004006e0                capget@@GLIBC_2.2.5
                0x00000000004006f0                gethostbyname@@GLIBC_2.2.5
                0x0000000000400700                puts@@GLIBC_2.2.5
                0x0000000000400710                recvmsg@@GLIBC_2.2.5
                0x0000000000400720                uname@@GLIBC_2.2.5
                0x0000000000400730                _setjmp@@GLIBC_2.2.5
                0x0000000000400740                getopt_long_only@@GLIBC_2.2.5
                0x0000000000400750                select@@GLIBC_2.2.5
                0x0000000000400760                execvp@@GLIBC_2.2.5
                0x0000000000400770                openlog@@GLIBC_2.2.5
                0x0000000000400780                getpeername@@GLIBC_2.2.5
                0x0000000000400790                exit@@GLIBC_2.2.5
                0x00000000004007a0                getaddrinfo@@GLIBC_2.2.5
                0x00000000004007b0                strcasecmp@@GLIBC_2.2.5
                0x00000000004007c0                prctl@@GLIBC_2.2.5
                0x00000000004007d0                gettimeofday@@GLIBC_2.2.5
                0x00000000004007e0                setvbuf@@GLIBC_2.2.5
                0x00000000004007f0                sched_setscheduler@@GLIBC_2.2.5
                0x0000000000400800                putchar@@GLIBC_2.2.5
                0x0000000000400810                unshare@@GLIBC_2.4
                0x0000000000400820                getopt@@GLIBC_2.2.5
                0x0000000000400830                strpbrk@@GLIBC_2.2.5
                0x0000000000400840                strsignal@@GLIBC_2.2.5
                0x0000000000400850                execl@@GLIBC_2.2.5
                0x0000000000400860                read@@GLIBC_2.2.5
                0x0000000000400870                getmntent@@GLIBC_2.2.5
                0x0000000000400880                strncmp@@GLIBC_2.2.5
                0x0000000000400890                malloc@@GLIBC_2.2.5
                0x00000000004008a0                tcsendbreak@@GLIBC_2.2.5
                0x00000000004008b0                gnu_dev_minor@@GLIBC_2.3.3
                0x00000000004008c0                recv@@GLIBC_2.2.5
                0x00000000004008d0                capset@@GLIBC_2.2.5
                0x00000000004008e0                setitimer@@GLIBC_2.2.5
                0x00000000004008f0                sigfillset@@GLIBC_2.2.5
                0x0000000000400900                dup@@GLIBC_2.2.5
                0x0000000000400910                getpriority@@GLIBC_2.2.5
                0x0000000000400920                if_nametoindex@@GLIBC_2.2.5
                0x0000000000400930                regexec@@GLIBC_2.3.4
                0x0000000000400940                system@@GLIBC_2.2.5
                0x0000000000400950                ptsname_r@@GLIBC_2.2.5
                0x0000000000400960                execlp@@GLIBC_2.2.5
                0x0000000000400970                res_mkquery@@GLIBC_2.34
                0x0000000000400980                fchdir@@GLIBC_2.2.5
                0x0000000000400990                clearenv@@GLIBC_2.2.5
                0x00000000004009a0                unlink@@GLIBC_2.2.5
                0x00000000004009b0                getusershell@@GLIBC_2.2.5
                0x00000000004009c0                setresuid@@GLIBC_2.2.5
                0x00000000004009d0                rmdir@@GLIBC_2.2.5
                0x00000000004009e0                sched_yield@@GLIBC_2.2.5
                0x00000000004009f0                _exit@@GLIBC_2.2.5
                0x0000000000400a00                getgroups@@GLIBC_2.2.5
                0x0000000000400a10                sigismember@@GLIBC_2.2.5
                0x0000000000400a20                feof_unlocked@@GLIBC_2.2.5
                0x0000000000400a30                cos@@GLIBC_2.2.5
                0x0000000000400a40                gmtime@@GLIBC_2.2.5
                0x0000000000400a50                semget@@GLIBC_2.2.5
                0x0000000000400a60                siglongjmp@@GLIBC_2.2.5
                0x0000000000400a70                setsockopt@@GLIBC_2.2.5
                0x0000000000400a80                putc_unlocked@@GLIBC_2.2.5
                0x0000000000400a90                __isoc23_fscanf@@GLIBC_2.38
                0x0000000000400aa0                getsid@@GLIBC_2.2.5
                0x0000000000400ab0                grantpt@@GLIBC_2.2.5
                0x0000000000400ac0                sysconf@@GLIBC_2.2.5
                0x0000000000400ad0                setpgid@@GLIBC_2.2.5
                0x0000000000400ae0                strchrnul@@GLIBC_2.2.5
                0x0000000000400af0                getpid@@GLIBC_2.2.5
                0x0000000000400b00                getmntent_r@@GLIBC_2.2.5
                0x0000000000400b10                lsetxattr@@GLIBC_2.3
                0x0000000000400b20                tzset@@GLIBC_2.2.5
                0x0000000000400b30                klogctl@@GLIBC_2.2.5
                0x0000000000400b40                freopen64@@GLIBC_2.2.5
                0x0000000000400b50                atof@@GLIBC_2.2.5
                0x0000000000400b60                geteuid@@GLIBC_2.2.5
                0x0000000000400b70                setuid@@GLIBC_2.2.5
                0x0000000000400b80                vfprintf@@GLIBC_2.2.5
                0x0000000000400b90                strnlen@@GLIBC_2.2.5
                0x0000000000400ba0                getchar_unlocked@@GLIBC_2.2.5
                0x0000000000400bb0                sigsuspend@@GLIBC_2.2.5
                0x0000000000400bc0                ungetc@@GLIBC_2.2.5
                0x0000000000400bd0                closelog@@GLIBC_2.2.5
                0x0000000000400be0                fputc@@GLIBC_2.2.5
                0x0000000000400bf0                log@@GLIBC_2.29
                0x0000000000400c00                times@@GLIBC_2.2.5
                0x0000000000400c10                freeaddrinfo@@GLIBC_2.2.5
                0x0000000000400c20                tcflush@@GLIBC_2.2.5
                0x0000000000400c30                free@@GLIBC_2.2.5
                0x0000000000400c40                sched_getscheduler@@GLIBC_2.2.5
                0x0000000000400c50                fnmatch@@GLIBC_2.2.5
                0x0000000000400c60                strlen@@GLIBC_2.2.5
                0x0000000000400c70                sched_getparam@@GLIBC_2.2.5
                0x0000000000400c80                stat64@@GLIBC_2.33
                0x0000000000400c90                cfgetispeed@@GLIBC_2.42
                0x0000000000400ca0                nice@@GLIBC_2.2.5
                0x0000000000400cb0                opendir@@GLIBC_2.2.5
                0x0000000000400cc0                tcsetpgrp@@GLIBC_2.2.5
                0x0000000000400cd0                gethostbyaddr@@GLIBC_2.2.5
                0x0000000000400ce0                pclose@@GLIBC_2.2.5
                0x0000000000400cf0                lchown@@GLIBC_2.2.5
                0x0000000000400d00                tcdrain@@GLIBC_2.2.5
                0x0000000000400d10                fputs_unlocked@@GLIBC_2.2.5
                0x0000000000400d20                mkstemp64@@GLIBC_2.2.5
                0x0000000000400d30                setrlimit64@@GLIBC_2.2.5
                0x0000000000400d40                listen@@GLIBC_2.2.5
                0x0000000000400d50                umount2@@GLIBC_2.2.5
                0x0000000000400d60                realpath@@GLIBC_2.3
                0x0000000000400d70                alphasort64@@GLIBC_2.2.5
                0x0000000000400d80                msgctl@@GLIBC_2.2.5
                0x0000000000400d90                cfgetospeed@@GLIBC_2.42
                0x0000000000400da0                bsearch@@GLIBC_2.2.5
                0x0000000000400db0                fdatasync@@GLIBC_2.2.5
                0x0000000000400dc0                endutxent@@GLIBC_2.2.5
                0x0000000000400dd0                removexattr@@GLIBC_2.3
                0x0000000000400de0                statvfs64@@GLIBC_2.2.5
                0x0000000000400df0                link@@GLIBC_2.2.5
                0x0000000000400e00                sprintf@@GLIBC_2.2.5
                0x0000000000400e10                setxattr@@GLIBC_2.3
                0x0000000000400e20                fdopen@@GLIBC_2.2.5
                0x0000000000400e30                strrchr@@GLIBC_2.2.5
                0x0000000000400e40                syscall@@GLIBC_2.2.5
                0x0000000000400e50                statfs64@@GLIBC_2.2.5
                0x0000000000400e60                getrandom@@GLIBC_2.25
                0x0000000000400e70                strtok_r@@GLIBC_2.2.5
                0x0000000000400e80                pipe@@GLIBC_2.2.5
                0x0000000000400e90                utmpxname@@GLIBC_2.2.5
                0x0000000000400ea0                regerror@@GLIBC_2.2.5
                0x0000000000400eb0                sleep@@GLIBC_2.2.5
                0x0000000000400ec0                fsync@@GLIBC_2.2.5
                0x0000000000400ed0                setpriority@@GLIBC_2.2.5
                0x0000000000400ee0                getresgid@@GLIBC_2.2.5
                0x0000000000400ef0                reboot@@GLIBC_2.2.5
                0x0000000000400f00                timegm@@GLIBC_2.2.5
                0x0000000000400f10                sendmsg@@GLIBC_2.2.5
                0x0000000000400f20                poll@@GLIBC_2.2.5
                0x0000000000400f30                cfsetospeed@@GLIBC_2.42
                0x0000000000400f40                getegid@@GLIBC_2.2.5
                0x0000000000400f50                gmtime_r@@GLIBC_2.2.5
                0x0000000000400f60                flock@@GLIBC_2.2.5
                0x0000000000400f70                setpgrp@@GLIBC_2.2.5
                0x0000000000400f80                kill@@GLIBC_2.2.5
                0x0000000000400f90                usleep@@GLIBC_2.2.5
                0x0000000000400fa0                strerror@@GLIBC_2.2.5
                0x0000000000400fb0                open64@@GLIBC_2.2.5
                0x0000000000400fc0                strstr@@GLIBC_2.2.5
                0x0000000000400fd0                sigprocmask@@GLIBC_2.2.5
                0x0000000000400fe0                cfmakeraw@@GLIBC_2.2.5
                0x0000000000400ff0                sigaction@@GLIBC_2.2.5
                0x0000000000401000                mknod@@GLIBC_2.33
                0x0000000000401010                getifaddrs@@GLIBC_2.3
                0x0000000000401020                ns_initparse@@GLIBC_2.9
                0x0000000000401030                socketpair@@GLIBC_2.2.5
                0x0000000000401040                strverscmp@@GLIBC_2.2.5
                0x0000000000401050                rewind@@GLIBC_2.2.5
                0x0000000000401060                mlock@@GLIBC_2.2.5
                0x0000000000401070                strcat@@GLIBC_2.2.5
                0x0000000000401080                scandir64@@GLIBC_2.2.5
                0x0000000000401090                fstat64@@GLIBC_2.33
                0x00000000004010a0                getresuid@@GLIBC_2.2.5
                0x00000000004010b0                bcmp@@GLIBC_2.2.5
                0x00000000004010c0                setegid@@GLIBC_2.2.5
                0x00000000004010d0                getsockopt@@GLIBC_2.2.5
                0x00000000004010e0                memrchr@@GLIBC_2.2.5
                0x00000000004010f0                semctl@@GLIBC_2.2.5
                0x0000000000401100                vprintf@@GLIBC_2.2.5
                0x0000000000401110                ftruncate64@@GLIBC_2.2.5
                0x0000000000401120                readlink@@GLIBC_2.2.5
                0x0000000000401130                getsockname@@GLIBC_2.2.5
                0x0000000000401140                __isoc23_sscanf@@GLIBC_2.38
                0x0000000000401150                atoi@@GLIBC_2.2.5
                0x0000000000401160                connect@@GLIBC_2.2.5
                0x0000000000401170                sched_getaffinity@@GLIBC_2.3.4
                0x0000000000401180                globfree64@@GLIBC_2.2.5
                0x0000000000401190                regcomp@@GLIBC_2.2.5
                0x00000000004011a0                execve@@GLIBC_2.2.5
                0x00000000004011b0                fchmod@@GLIBC_2.2.5
                0x00000000004011c0                tcgetattr@@GLIBC_2.2.5
                0x00000000004011d0                setresgid@@GLIBC_2.2.5
                0x00000000004011e0                fcntl64@@GLIBC_2.28
                0x00000000004011f0                utimensat@@GLIBC_2.6
                0x0000000000401200                putenv@@GLIBC_2.2.5
                0x0000000000401210                raise@@GLIBC_2.2.5
                0x0000000000401220                getutxent@@GLIBC_2.2.5
                0x0000000000401230                signal@@GLIBC_2.2.5
                0x0000000000401240                strspn@@GLIBC_2.2.5
                0x0000000000401250                strptime@@GLIBC_2.2.5
                0x0000000000401260                setbuf@@GLIBC_2.2.5
                0x0000000000401270                memmove@@GLIBC_2.2.5
                0x0000000000401280                strchr@@GLIBC_2.2.5
                0x0000000000401290                waitpid@@GLIBC_2.2.5
                0x00000000004012a0                fgets_unlocked@@GLIBC_2.2.5
                0x00000000004012b0                personality@@GLIBC_2.2.5
                0x00000000004012c0                ferror_unlocked@@GLIBC_2.2.5
                0x00000000004012d0                getopt_long@@GLIBC_2.2.5
                0x00000000004012e0                socket@@GLIBC_2.2.5
                0x00000000004012f0                vsnprintf@@GLIBC_2.2.5
                0x0000000000401300                fread@@GLIBC_2.2.5
                0x0000000000401310                setenv@@GLIBC_2.2.5
                0x0000000000401320                inet_ntoa@@GLIBC_2.2.5
                0x0000000000401330                getrlimit64@@GLIBC_2.2.5
                0x0000000000401340                hstrerror@@GLIBC_2.2.5
                0x0000000000401350                __isoc23_strtoull@@GLIBC_2.38
                0x0000000000401360                getenv@@GLIBC_2.2.5
                0x0000000000401370                alarm@@GLIBC_2.2.5
                0x0000000000401380                __isoc23_strtoll@@GLIBC_2.38
                0x0000000000401390                syncfs@@GLIBC_2.14
                0x00000000004013a0                __libc_current_sigrtmax@@GLIBC_2.2.5
                0x00000000004013b0                wait3@@GLIBC_2.2.5
                0x00000000004013c0                execle@@GLIBC_2.2.5
                0x00000000004013d0                pread64@@GLIBC_2.2.5
                0x00000000004013e0                __errno_location@@GLIBC_2.2.5
                0x00000000004013f0                qsort@@GLIBC_2.2.5
                0x0000000000401400                strdup@@GLIBC_2.2.5
                0x0000000000401410                sigaddset@@GLIBC_2.2.5
                0x0000000000401420                sigtimedwait@@GLIBC_2.2.5
                0x0000000000401430                cfsetspeed@@GLIBC_2.42
                0x0000000000401440                strncasecmp@@GLIBC_2.2.5
                0x0000000000401450                lremovexattr@@GLIBC_2.3
                0x0000000000401460                killpg@@GLIBC_2.2.5
                0x0000000000401470                sigisemptyset@@GLIBC_2.2.5
                0x0000000000401480                getnameinfo@@GLIBC_2.2.5
                0x0000000000401490                unlockpt@@GLIBC_2.2.5
                0x00000000004014a0                asprintf@@GLIBC_2.2.5
                0x00000000004014b0                strcmp@@GLIBC_2.2.5
                0x00000000004014c0                updwtmpx@@GLIBC_2.2.5
                0x00000000004014d0                getcwd@@GLIBC_2.2.5
                0x00000000004014e0                send@@GLIBC_2.2.5
                0x00000000004014f0                getline@@GLIBC_2.2.5
                0x0000000000401500                glob64@@GLIBC_2.27
                0x0000000000401510                __cmsg_nxthdr@@GLIBC_2.2.5
                0x0000000000401520                __isoc23_strtol@@GLIBC_2.38
                0x0000000000401530                chroot@@GLIBC_2.2.5
                0x0000000000401540                strcpy@@GLIBC_2.2.5
                0x0000000000401550                readahead@@GLIBC_2.3
                0x0000000000401560                __isoc23_scanf@@GLIBC_2.38
                0x0000000000401570                lstat64@@GLIBC_2.33
                0x0000000000401580                gethostid@@GLIBC_2.2.5
                0x0000000000401590                freeifaddrs@@GLIBC_2.3
                0x00000000004015a0                nanosleep@@GLIBC_2.2.5
                0x00000000004015b0                srand@@GLIBC_2.2.5
                0x00000000004015c0                longjmp@@GLIBC_2.2.5
                0x00000000004015d0                chown@@GLIBC_2.2.5
                0x00000000004015e0                getuid@@GLIBC_2.2.5
                0x00000000004015f0                mktemp@@GLIBC_2.2.5
                0x0000000000401600                clock_settime@@GLIBC_2.17
                0x0000000000401610                regfree@@GLIBC_2.2.5
                0x0000000000401620                mkdtemp@@GLIBC_2.2.5
                0x0000000000401630                getservbyport@@GLIBC_2.2.5
                0x0000000000401640                memcmp@@GLIBC_2.2.5
                0x0000000000401650                getlogin_r@@GLIBC_2.2.5
                0x0000000000401660                munmap@@GLIBC_2.2.5
                0x0000000000401670                atoll@@GLIBC_2.2.5
                0x0000000000401680                shmget@@GLIBC_2.2.5
                0x0000000000401690                acct@@GLIBC_2.2.5
                0x00000000004016a0                fclose@@GLIBC_2.2.5
                0x00000000004016b0                recvfrom@@GLIBC_2.2.5
                0x00000000004016c0                strncpy@@GLIBC_2.2.5
                0x00000000004016d0                semop@@GLIBC_2.2.5
                0x00000000004016e0                ether_aton_r@@GLIBC_2.2.5
                0x00000000004016f0                fileno_unlocked@@GLIBC_2.2.5
                0x0000000000401700                localtime_r@@GLIBC_2.2.5
                0x0000000000401710                lseek64@@GLIBC_2.2.5
                0x0000000000401720                gnu_dev_major@@GLIBC_2.3.3
                0x0000000000401730                __libc_current_sigrtmin@@GLIBC_2.2.5
                0x0000000000401740                gnu_dev_makedev@@GLIBC_2.3.3
                0x0000000000401750                unsetenv@@GLIBC_2.2.5
                0x0000000000401760                __isoc23_strtoumax@@GLIBC_2.38
                0x0000000000401770                msgget@@GLIBC_2.2.5
                0x0000000000401780                closedir@@GLIBC_2.2.5
                0x0000000000401790                setutxent@@GLIBC_2.2.5
                0x00000000004017a0                mkfifo@@GLIBC_2.2.5
                0x00000000004017b0                sched_get_priority_max@@GLIBC_2.2.5
                0x00000000004017c0                strcspn@@GLIBC_2.2.5
                0x00000000004017d0                sendfile64@@GLIBC_2.3
                0x00000000004017e0                ttyname_r@@GLIBC_2.2.5
                0x00000000004017f0                clearerr@@GLIBC_2.2.5
                0x0000000000401800                strsep@@GLIBC_2.2.5
                0x0000000000401810                access@@GLIBC_2.2.5
                0x0000000000401820                fork@@GLIBC_2.2.5
                0x0000000000401830                sigemptyset@@GLIBC_2.2.5
                0x0000000000401840                setns@@GLIBC_2.14
                0x0000000000401850                getppid@@GLIBC_2.2.5
                0x0000000000401860                fopen64@@GLIBC_2.2.5
                0x0000000000401870                sendto@@GLIBC_2.2.5
                0x0000000000401880                bind@@GLIBC_2.2.5
                0x0000000000401890                fwrite@@GLIBC_2.2.5
                0x00000000004018a0                inet_aton@@GLIBC_2.2.5
                0x00000000004018b0                munlock@@GLIBC_2.2.5
                0x00000000004018c0                cfsetispeed@@GLIBC_2.42
                0x00000000004018d0                sigdelset@@GLIBC_2.2.5
                0x00000000004018e0                realloc@@GLIBC_2.2.5
                0x00000000004018f0                rand@@GLIBC_2.2.5
                0x0000000000401900                shmctl@@GLIBC_2.2.5
                0x0000000000401910                ether_hostton@@GLIBC_2.2.5
                0x0000000000401920                __sigsetjmp@@GLIBC_2.2.5
                0x0000000000401930                fprintf@@GLIBC_2.2.5
                0x0000000000401940                adjtimex@@GLIBC_2.2.5
                0x0000000000401950                __isoc23_strtoul@@GLIBC_2.38
                0x0000000000401960                localtime@@GLIBC_2.2.5
                0x0000000000401970                setgid@@GLIBC_2.2.5
                0x0000000000401980                posix_fallocate64@@GLIBC_2.2.5
                0x0000000000401990                pivot_root@@GLIBC_2.2.5
                0x00000000004019a0                write@@GLIBC_2.2.5
                0x00000000004019b0                sched_get_priority_min@@GLIBC_2.2.5
                0x00000000004019c0                ftello64@@GLIBC_2.2.5
                0x00000000004019d0                futimens@@GLIBC_2.6
                0x00000000004019e0                strftime@@GLIBC_2.2.5
                0x00000000004019f0                tcgetpgrp@@GLIBC_2.2.5
                0x0000000000401a00                accept@@GLIBC_2.2.5
                0x0000000000401a10                popen@@GLIBC_2.2.5
                0x0000000000401a20                pow@@GLIBC_2.29
                0x0000000000401a30                sqrt@@GLIBC_2.2.5
                0x0000000000401a40                sysinfo@@GLIBC_2.2.5
                0x0000000000401a50                creat64@@GLIBC_2.2.5
                0x0000000000401a60                inet_ntop@@GLIBC_2.2.5
                0x0000000000401a70                swapoff@@GLIBC_2.2.5
                0x0000000000401a80                umask@@GLIBC_2.2.5
                0x0000000000401a90                memcpy@@GLIBC_2.14
                0x0000000000401aa0                setgroups@@GLIBC_2.2.5
                0x0000000000401ab0                fchown@@GLIBC_2.2.5
                0x0000000000401ac0                sin@@GLIBC_2.2.5
                0x0000000000401ad0                rename@@GLIBC_2.2.5
                0x0000000000401ae0                sched_setaffinity@@GLIBC_2.3.4
                0x0000000000401af0                dprintf@@GLIBC_2.2.5
                0x0000000000401b00                strndup@@GLIBC_2.2.5
                0x0000000000401b10                sethostname@@GLIBC_2.2.5
                0x0000000000401b20                strtod@@GLIBC_2.2.5
                0x0000000000401b30                readdir64@@GLIBC_2.2.5
                0x0000000000401b40                mkdir@@GLIBC_2.2.5
                0x0000000000401b50                time@@GLIBC_2.2.5
                0x0000000000401b60                shmat@@GLIBC_2.2.5
                0x0000000000401b70                vfork@@GLIBC_2.2.5
                0x0000000000401b80                fflush@@GLIBC_2.2.5
                0x0000000000401b90                sync@@GLIBC_2.2.5
                0x0000000000401ba0                settimeofday@@GLIBC_2.2.5
                0x0000000000401bb0                getservbyname@@GLIBC_2.2.5
 *(SORT_BY_ALIGNMENT(.iplt))
 .iplt          0x0000000000401bc0        0x0 /usr/bin/../lib/gcc/x86_64-redhat-linux/15/../../../../lib64/crt1.o

.plt.got        0x0000000000401bc0        0x0
 *(SORT_BY_ALIGNMENT(.plt.got))
 .plt.got       0x0000000000401bc0        0x0 /usr/bin/../lib/gcc/x86_64-redhat-linux/15/../../../../lib64/crt1.o

.plt.sec
 *(SORT_BY_ALIGNMENT(.plt.sec))

.text           0x0000000000401bc0    0xbffce
 *(SORT_BY_ALIGNMENT(.text.unlikely) SORT_BY_ALIGNMENT(.text.*_unlikely) SORT_BY_ALIGNMENT(.text.unlikely.*))
 .text.unlikely.confirm_or_abort
                0x0000000000401bc0       0x2d miscutils/lib.a(i2c_tools.o)
 .text.unlikely.catch
                0x0000000000401bed       0x48 networking/lib.a(nc.o)
 .text.unlikely.ash_msg_and_raise_error
                0x0000000000401c35       0x93 shell/lib.a(ash.o)
 .text.unlikely.ash_vmsg_and_raise
                0x0000000000401cc8       0x1a shell/lib.a(ash.o)
 .text.unlikely.ash_vmsg
                0x0000000000401ce2       0xb6 shell/lib.a(ash.o)
 .text.unlikely.ash_msg
                0x0000000000401d98       0x88 shell/lib.a(ash.o)
 .text.unlikely.raise_error_syntax
                0x0000000000401e20       0x24 shell/lib.a(ash.o)
 .text.unlikely.raise_error_unexpected_syntax
                0x0000000000401e44       0x5f shell/lib.a(ash.o)
 .text.unlikely.ash_msg_and_raise
                0x0000000000401ea3       0x84 shell/lib.a(ash.o)
 .text.unlikely.resize_main
                0x0000000000401f27      0x10c console-tools/lib.a(resize.o)
                0x0000000000401f27                resize_main
 .text.unlikely.dd_output_status
                0x0000000000402033      0x12f coreutils/lib.a(dd.o)
 *(SORT_BY_ALIGNMENT(.text.exit) SORT_BY_ALIGNMENT(.text.exit.*))
 *(SORT_BY_ALIGNMENT(.text.startup) SORT_BY_ALIGNMENT(.text.startup.*))
 *(SORT_BY_ALIGNMENT(.text.hot) SORT_BY_ALIGNMENT(.text.hot.*))
 *(SORT_BY_NAME(SORT_BY_ALIGNMENT(.text.sorted.*)))
 *(SORT_BY_ALIGNMENT(.text) SORT_BY_ALIGNMENT(.stub) SORT_BY_ALIGNMENT(.text.*) SORT_BY_ALIGNMENT(.gnu.linkonce.t.*))
 *fill*         0x0000000000402162        0xe 
 .text          0x0000000000402170       0x35 /usr/bin/../lib/gcc/x86_64-redhat-linux/15/../../../../lib64/crt1.o
                0x0000000000402170                _start
                0x00000000004021a0                _dl_relocate_static_pie
 *fill*         0x00000000004021a5        0xb 
 .text          0x00000000004021b0       0xa6 /usr/bin/../lib/gcc/x86_64-redhat-linux/15/crtbegin.o
 *fill*         0x0000000000402256        0x2 
 .text.sha256_process_block64_shaNI
                0x0000000000402258      0x2a5 libbb/lib.a(hash_md5_sha256_x86-64_shaNI.o)
                0x0000000000402258                sha256_process_block64_shaNI
 *fill*         0x00000000004024fd        0x3 
 .text.sha1_process_block64_shaNI
                0x0000000000402500      0x1fc libbb/lib.a(hash_md5_sha_x86-64_shaNI.o)
                0x0000000000402500                sha1_process_block64_shaNI
 .text          0x00000000004026fc        0x0 /usr/bin/../lib/gcc/x86_64-redhat-linux/15/../../../../lib64/crti.o
 .text.scripted_main
                0x00000000004026fc       0x25 libbb/lib.a(appletlib.o)
                0x00000000004026fc                scripted_main
 .text.string_array_len
                0x0000000000402721       0x10 libbb/lib.a(appletlib.o)
                0x0000000000402721                string_array_len
 .text.bb_show_usage
                0x0000000000402731       0xac libbb/lib.a(appletlib.o)
                0x0000000000402731                bb_show_usage
 .text.find_applet_by_name
                0x00000000004027dd       0x8d libbb/lib.a(appletlib.o)
                0x00000000004027dd                find_applet_by_name
 .text.lbb_prepare
                0x000000000040286a       0x1a libbb/lib.a(appletlib.o)
                0x000000000040286a                lbb_prepare
 .text.find_script_by_name
                0x0000000000402884       0x2b libbb/lib.a(appletlib.o)
 .text.get_script_content
                0x00000000004028af       0x35 libbb/lib.a(appletlib.o)
                0x00000000004028af                get_script_content
 .text.show_usage_if_dash_dash_help
                0x00000000004028e4       0x48 libbb/lib.a(appletlib.o)
                0x00000000004028e4                show_usage_if_dash_dash_help
 .text.run_applet_no_and_exit
                0x000000000040292c       0x40 libbb/lib.a(appletlib.o)
                0x000000000040292c                run_applet_no_and_exit
 .text.check_suid
                0x000000000040296c      0x15a libbb/lib.a(appletlib.o)
 .text.main     0x0000000000402ac6       0x61 libbb/lib.a(appletlib.o)
                0x0000000000402ac6                main
 .text.parse_config_file
                0x0000000000402b27      0x308 libbb/lib.a(appletlib.o)
 .text.run_applet_and_exit
                0x0000000000402e2f       0x5f libbb/lib.a(appletlib.o)
 .text.get_trimmed_slice
                0x0000000000402e8e       0x2a libbb/lib.a(appletlib.o)
 .text.busybox_main
                0x0000000000402eb8      0x352 libbb/lib.a(appletlib.o)
 .text.is_prefixed_with
                0x000000000040320a       0x18 libbb/lib.a(compare_string_array.o)
                0x000000000040320a                is_prefixed_with
 .text.is_suffixed_with
                0x0000000000403222       0x40 libbb/lib.a(compare_string_array.o)
                0x0000000000403222                is_suffixed_with
 .text.index_in_strings
                0x0000000000403262       0x32 libbb/lib.a(compare_string_array.o)
                0x0000000000403262                index_in_strings
 .text.index_in_substrings
                0x0000000000403294       0x81 libbb/lib.a(compare_string_array.o)
                0x0000000000403294                index_in_substrings
 .text.nth_string
                0x0000000000403315       0x20 libbb/lib.a(compare_string_array.o)
                0x0000000000403315                nth_string
 .text.concat_path_file
                0x0000000000403335       0x56 libbb/lib.a(concat_path_file.o)
                0x0000000000403335                concat_path_file
 .text.bb_basename
                0x000000000040338b       0x1c libbb/lib.a(get_last_path_component.o)
                0x000000000040338b                bb_basename
 .text.bb_get_last_path_component_nostrip
                0x00000000004033a7       0x27 libbb/lib.a(get_last_path_component.o)
                0x00000000004033a7                bb_get_last_path_component_nostrip
 .text.bb_get_last_path_component_strip
                0x00000000004033ce       0x2c libbb/lib.a(get_last_path_component.o)
                0x00000000004033ce                bb_get_last_path_component_strip
 .text.last_char_is
                0x00000000004033fa       0x1f libbb/lib.a(last_char_is.o)
                0x00000000004033fa                last_char_is
 .text.llist_add_to
                0x0000000000403419       0x27 libbb/lib.a(llist.o)
                0x0000000000403419                llist_add_to
 .text.llist_add_to_end
                0x0000000000403440       0x29 libbb/lib.a(llist.o)
                0x0000000000403440                llist_add_to_end
 .text.llist_pop
                0x0000000000403469       0x24 libbb/lib.a(llist.o)
                0x0000000000403469                llist_pop
 .text.llist_unlink
                0x000000000040348d       0x1c libbb/lib.a(llist.o)
                0x000000000040348d                llist_unlink
 .text.llist_free
                0x00000000004034a9       0x32 libbb/lib.a(llist.o)
                0x00000000004034a9                llist_free
 .text.llist_rev
                0x00000000004034db       0x16 libbb/lib.a(llist.o)
                0x00000000004034db                llist_rev
 .text.llist_find_str
                0x00000000004034f1       0x2f libbb/lib.a(llist.o)
                0x00000000004034f1                llist_find_str
 .text.bb_perror_msg
                0x0000000000403520       0xac libbb/lib.a(perror_msg.o)
                0x0000000000403520                bb_perror_msg
 .text.bb_perror_msg_and_die
                0x00000000004035cc       0xa8 libbb/lib.a(perror_msg.o)
                0x00000000004035cc                bb_perror_msg_and_die
 .text.bb_simple_perror_msg
                0x0000000000403674        0xf libbb/lib.a(perror_msg.o)
                0x0000000000403674                bb_simple_perror_msg
 .text.bb_simple_perror_msg_and_die
                0x0000000000403683       0x10 libbb/lib.a(perror_msg.o)
                0x0000000000403683                bb_simple_perror_msg_and_die
 .text.skip_whitespace
                0x0000000000403693       0x22 libbb/lib.a(skip_whitespace.o)
                0x0000000000403693                skip_whitespace
 .text.skip_non_whitespace
                0x00000000004036b5       0x19 libbb/lib.a(skip_whitespace.o)
                0x00000000004036b5                skip_non_whitespace
 .text.skip_dev_pfx
                0x00000000004036ce       0x17 libbb/lib.a(skip_whitespace.o)
                0x00000000004036ce                skip_dev_pfx
 .text.bb_verror_msg
                0x00000000004036e5      0x238 libbb/lib.a(verror_msg.o)
                0x00000000004036e5                bb_verror_msg
 .text.bb_error_msg_and_die
                0x000000000040391d       0x87 libbb/lib.a(verror_msg.o)
                0x000000000040391d                bb_error_msg_and_die
 .text.bb_error_msg
                0x00000000004039a4       0x8a libbb/lib.a(verror_msg.o)
                0x00000000004039a4                bb_error_msg
 .text.bb_vinfo_msg
                0x0000000000403a2e       0x18 libbb/lib.a(verror_msg.o)
                0x0000000000403a2e                bb_vinfo_msg
 .text.bb_info_msg
                0x0000000000403a46       0x88 libbb/lib.a(verror_msg.o)
                0x0000000000403a46                bb_info_msg
 .text.bb_simple_info_msg
                0x0000000000403ace        0xf libbb/lib.a(verror_msg.o)
                0x0000000000403ace                bb_simple_info_msg
 .text.bb_simple_error_msg
                0x0000000000403add        0xf libbb/lib.a(verror_msg.o)
                0x0000000000403add                bb_simple_error_msg
 .text.bb_simple_error_msg_and_die
                0x0000000000403aec       0x10 libbb/lib.a(verror_msg.o)
                0x0000000000403aec                bb_simple_error_msg_and_die
 .text.fopen_or_warn
                0x0000000000403afc       0x27 libbb/lib.a(wfopen.o)
                0x0000000000403afc                fopen_or_warn
 .text.fopen_for_read
                0x0000000000403b23        0xa libbb/lib.a(wfopen.o)
                0x0000000000403b23                fopen_for_read
 .text.xfopen_for_read
                0x0000000000403b2d        0xa libbb/lib.a(wfopen.o)
                0x0000000000403b2d                xfopen_for_read
 .text.fopen_for_write
                0x0000000000403b37        0xa libbb/lib.a(wfopen.o)
                0x0000000000403b37                fopen_for_write
 .text.xfopen_for_write
                0x0000000000403b41        0xa libbb/lib.a(wfopen.o)
                0x0000000000403b41                xfopen_for_write
 .text.xfdopen_for_read
                0x0000000000403b4b        0x7 libbb/lib.a(wfopen.o)
                0x0000000000403b4b                xfdopen_for_read
 .text.xfdopen_helper
                0x0000000000403b52       0x26 libbb/lib.a(wfopen.o)
 .text.xfdopen_for_write
                0x0000000000403b78        0xc libbb/lib.a(wfopen.o)
                0x0000000000403b78                xfdopen_for_write
 .text.xfunc_die
                0x0000000000403b84       0x1b libbb/lib.a(xfunc_die.o)
                0x0000000000403b84                xfunc_die
 .text.ndelay_on
                0x0000000000403b9f       0x34 libbb/lib.a(xfuncs.o)
                0x0000000000403b9f                ndelay_on
 .text.ndelay_off
                0x0000000000403bd3       0x34 libbb/lib.a(xfuncs.o)
                0x0000000000403bd3                ndelay_off
 .text.close_on_exec_on
                0x0000000000403c07        0xd libbb/lib.a(xfuncs.o)
                0x0000000000403c07                close_on_exec_on
 .text.strncpy_IFNAMSIZ
                0x0000000000403c14        0x8 libbb/lib.a(xfuncs.o)
                0x0000000000403c14                strncpy_IFNAMSIZ
 .text.utoa_to_buf
                0x0000000000403c1c       0x5d libbb/lib.a(xfuncs.o)
                0x0000000000403c1c                utoa_to_buf
 .text.itoa_to_buf
                0x0000000000403c79       0x1f libbb/lib.a(xfuncs.o)
                0x0000000000403c79                itoa_to_buf
 .text.utoa     0x0000000000403c98       0x18 libbb/lib.a(xfuncs.o)
                0x0000000000403c98                utoa
 .text.itoa     0x0000000000403cb0       0x18 libbb/lib.a(xfuncs.o)
                0x0000000000403cb0                itoa
 .text.bin2hex  0x0000000000403cc8       0x40 libbb/lib.a(xfuncs.o)
                0x0000000000403cc8                bin2hex
 .text.hex2bin  0x0000000000403d08       0xe7 libbb/lib.a(xfuncs.o)
                0x0000000000403d08                hex2bin
 .text.bb_putchar_stderr
                0x0000000000403def       0x18 libbb/lib.a(xfuncs.o)
                0x0000000000403def                bb_putchar_stderr
 .text.full_write1_str
                0x0000000000403e07       0x18 libbb/lib.a(xfuncs.o)
                0x0000000000403e07                full_write1_str
 .text.full_write2_str
                0x0000000000403e1f       0x18 libbb/lib.a(xfuncs.o)
                0x0000000000403e1f                full_write2_str
 .text.get_terminal_width_height
                0x0000000000403e37       0xec libbb/lib.a(xfuncs.o)
                0x0000000000403e37                get_terminal_width_height
 .text.wh_helper
                0x0000000000403f23       0x41 libbb/lib.a(xfuncs.o)
 .text.get_terminal_width
                0x0000000000403f64       0x1c libbb/lib.a(xfuncs.o)
                0x0000000000403f64                get_terminal_width
 .text.is_TERM_dumb
                0x0000000000403f80       0x2c libbb/lib.a(xfuncs.o)
                0x0000000000403f80                is_TERM_dumb
 .text.tcsetattr_stdin_TCSANOW
                0x0000000000403fac        0xc libbb/lib.a(xfuncs.o)
                0x0000000000403fac                tcsetattr_stdin_TCSANOW
 .text.get_termios_and_make_raw
                0x0000000000403fb8       0x7e libbb/lib.a(xfuncs.o)
                0x0000000000403fb8                get_termios_and_make_raw
 .text.set_termios_to_raw
                0x0000000000404036       0x2f libbb/lib.a(xfuncs.o)
                0x0000000000404036                set_termios_to_raw
 .text.safe_waitpid
                0x0000000000404065       0x37 libbb/lib.a(xfuncs.o)
                0x0000000000404065                safe_waitpid
 .text.wait_any_nohang
                0x000000000040409c        0xe libbb/lib.a(xfuncs.o)
                0x000000000040409c                wait_any_nohang
 .text.wait4pid
                0x00000000004040aa       0x50 libbb/lib.a(xfuncs.o)
                0x00000000004040aa                wait4pid
 .text.exit_SUCCESS
                0x00000000004040fa        0x8 libbb/lib.a(xfuncs.o)
                0x00000000004040fa                exit_SUCCESS
 .text._exit_SUCCESS
                0x0000000000404102        0x8 libbb/lib.a(xfuncs.o)
                0x0000000000404102                _exit_SUCCESS
 .text.bb_die_memory_exhausted
                0x000000000040410a        0xb libbb/lib.a(xfuncs_printf.o)
                0x000000000040410a                bb_die_memory_exhausted
 .text.malloc_or_warn
                0x0000000000404115       0x34 libbb/lib.a(xfuncs_printf.o)
                0x0000000000404115                malloc_or_warn
 .text.xmalloc  0x0000000000404149       0x20 libbb/lib.a(xfuncs_printf.o)
                0x0000000000404149                xmalloc
 .text.xrealloc
                0x0000000000404169       0x20 libbb/lib.a(xfuncs_printf.o)
                0x0000000000404169                xrealloc
 .text.xzalloc  0x0000000000404189       0x17 libbb/lib.a(xfuncs_printf.o)
                0x0000000000404189                xzalloc
 .text.xstrdup  0x00000000004041a0       0x19 libbb/lib.a(xfuncs_printf.o)
                0x00000000004041a0                xstrdup
 .text.xstrndup
                0x00000000004041b9       0x12 libbb/lib.a(xfuncs_printf.o)
                0x00000000004041b9                xstrndup
 .text.xmemdup  0x00000000004041cb       0x27 libbb/lib.a(xfuncs_printf.o)
                0x00000000004041cb                xmemdup
 .text.mmap_read
                0x00000000004041f2       0x13 libbb/lib.a(xfuncs_printf.o)
                0x00000000004041f2                mmap_read
 .text.mmap_anon
                0x0000000000404205       0x17 libbb/lib.a(xfuncs_printf.o)
                0x0000000000404205                mmap_anon
 .text.xmmap_anon
                0x000000000040421c       0x13 libbb/lib.a(xfuncs_printf.o)
                0x000000000040421c                xmmap_anon
 .text.xfopen   0x000000000040422f       0x1f libbb/lib.a(xfuncs_printf.o)
                0x000000000040422f                xfopen
 .text.xopen3   0x000000000040424e       0x20 libbb/lib.a(xfuncs_printf.o)
                0x000000000040424e                xopen3
 .text.xopen    0x000000000040426e        0xa libbb/lib.a(xfuncs_printf.o)
                0x000000000040426e                xopen
 .text.open3_or_warn
                0x0000000000404278       0x2b libbb/lib.a(xfuncs_printf.o)
                0x0000000000404278                open3_or_warn
 .text.open_or_warn
                0x00000000004042a3        0xa libbb/lib.a(xfuncs_printf.o)
                0x00000000004042a3                open_or_warn
 .text.xopen_nonblocking
                0x00000000004042ad        0xa libbb/lib.a(xfuncs_printf.o)
                0x00000000004042ad                xopen_nonblocking
 .text.xopen_as_uid_gid
                0x00000000004042b7       0x61 libbb/lib.a(xfuncs_printf.o)
                0x00000000004042b7                xopen_as_uid_gid
 .text.xsetegid
                0x0000000000404318       0x16 libbb/lib.a(xfuncs_printf.o)
                0x0000000000404318                xsetegid
 .text.xseteuid
                0x000000000040432e       0x16 libbb/lib.a(xfuncs_printf.o)
                0x000000000040432e                xseteuid
 .text.xunlink  0x0000000000404344       0x1e libbb/lib.a(xfuncs_printf.o)
                0x0000000000404344                xunlink
 .text.xrename  0x0000000000404362       0x2d libbb/lib.a(xfuncs_printf.o)
                0x0000000000404362                xrename
 .text.rename_or_warn
                0x000000000040438f       0x2e libbb/lib.a(xfuncs_printf.o)
                0x000000000040438f                rename_or_warn
 .text.xpipe    0x00000000004043bd       0x16 libbb/lib.a(xfuncs_printf.o)
                0x00000000004043bd                xpipe
 .text.xdup2    0x00000000004043d3       0x18 libbb/lib.a(xfuncs_printf.o)
                0x00000000004043d3                xdup2
 .text.xmove_fd
                0x00000000004043eb       0x15 libbb/lib.a(xfuncs_printf.o)
                0x00000000004043eb                xmove_fd
 .text.xwrite   0x0000000000404400       0x2b libbb/lib.a(xfuncs_printf.o)
                0x0000000000404400                xwrite
 .text.xwrite_str
                0x000000000040442b       0x23 libbb/lib.a(xfuncs_printf.o)
                0x000000000040442b                xwrite_str
 .text.xclose   0x000000000040444e       0x16 libbb/lib.a(xfuncs_printf.o)
                0x000000000040444e                xclose
 .text.xlseek   0x0000000000404464       0x2d libbb/lib.a(xfuncs_printf.o)
                0x0000000000404464                xlseek
 .text.xmkstemp
                0x0000000000404491       0x1e libbb/lib.a(xfuncs_printf.o)
                0x0000000000404491                xmkstemp
 .text.die_if_ferror
                0x00000000004044af       0x1e libbb/lib.a(xfuncs_printf.o)
                0x00000000004044af                die_if_ferror
 .text.die_if_ferror_stdout
                0x00000000004044cd       0x11 libbb/lib.a(xfuncs_printf.o)
                0x00000000004044cd                die_if_ferror_stdout
 .text.fflush_all
                0x00000000004044de        0x7 libbb/lib.a(xfuncs_printf.o)
                0x00000000004044de                fflush_all
 .text.bb_putchar
                0x00000000004044e5        0x5 libbb/lib.a(xfuncs_printf.o)
                0x00000000004044e5                bb_putchar
 .text.fputs_stdout
                0x00000000004044ea        0xc libbb/lib.a(xfuncs_printf.o)
                0x00000000004044ea                fputs_stdout
 .text.xprint_and_close_file
                0x00000000004044f6       0x2f libbb/lib.a(xfuncs_printf.o)
                0x00000000004044f6                xprint_and_close_file
 .text.xasprintf
                0x0000000000404525       0xa6 libbb/lib.a(xfuncs_printf.o)
                0x0000000000404525                xasprintf
 .text.xsetenv  0x00000000004045cb       0x14 libbb/lib.a(xfuncs_printf.o)
                0x00000000004045cb                xsetenv
 .text.bb_unsetenv
                0x00000000004045df       0x72 libbb/lib.a(xfuncs_printf.o)
                0x00000000004045df                bb_unsetenv
 .text.bb_unsetenv_and_free
                0x0000000000404651       0x12 libbb/lib.a(xfuncs_printf.o)
                0x0000000000404651                bb_unsetenv_and_free
 .text.xsetgid  0x0000000000404663       0x16 libbb/lib.a(xfuncs_printf.o)
                0x0000000000404663                xsetgid
 .text.xsetuid  0x0000000000404679       0x16 libbb/lib.a(xfuncs_printf.o)
                0x0000000000404679                xsetuid
 .text.chdir_or_warn
                0x000000000040468f       0x2b libbb/lib.a(xfuncs_printf.o)
                0x000000000040468f                chdir_or_warn
 .text.xchdir   0x00000000004046ba       0x11 libbb/lib.a(xfuncs_printf.o)
                0x00000000004046ba                xchdir
 .text.xfchdir  0x00000000004046cb       0x16 libbb/lib.a(xfuncs_printf.o)
                0x00000000004046cb                xfchdir
 .text.xchroot  0x00000000004046e1       0x27 libbb/lib.a(xfuncs_printf.o)
                0x00000000004046e1                xchroot
 .text.warn_opendir
                0x0000000000404708       0x2e libbb/lib.a(xfuncs_printf.o)
                0x0000000000404708                warn_opendir
 .text.xopendir
                0x0000000000404736       0x1f libbb/lib.a(xfuncs_printf.o)
                0x0000000000404736                xopendir
 .text.xsocket  0x0000000000404755       0x16 libbb/lib.a(xfuncs_printf.o)
                0x0000000000404755                xsocket
 .text.xbind    0x000000000040476b       0x16 libbb/lib.a(xfuncs_printf.o)
                0x000000000040476b                xbind
 .text.xlisten  0x0000000000404781       0x16 libbb/lib.a(xfuncs_printf.o)
                0x0000000000404781                xlisten
 .text.xsendto  0x0000000000404797       0x1f libbb/lib.a(xfuncs_printf.o)
                0x0000000000404797                xsendto
 .text.xstat    0x00000000004047b6       0x1e libbb/lib.a(xfuncs_printf.o)
                0x00000000004047b6                xstat
 .text.xfstat   0x00000000004047d4       0x17 libbb/lib.a(xfuncs_printf.o)
                0x00000000004047d4                xfstat
 .text.ioctl_or_perror_and_die
                0x00000000004047eb       0xb0 libbb/lib.a(xfuncs_printf.o)
                0x00000000004047eb                ioctl_or_perror_and_die
 .text.ioctl_or_perror
                0x000000000040489b       0xb1 libbb/lib.a(xfuncs_printf.o)
                0x000000000040489b                ioctl_or_perror
 .text.bb_ioctl_or_warn
                0x000000000040494c       0x26 libbb/lib.a(xfuncs_printf.o)
                0x000000000040494c                bb_ioctl_or_warn
 .text.bb_xioctl
                0x0000000000404972       0x1b libbb/lib.a(xfuncs_printf.o)
                0x0000000000404972                bb_xioctl
 .text.xmalloc_ttyname
                0x000000000040498d       0x2a libbb/lib.a(xfuncs_printf.o)
                0x000000000040498d                xmalloc_ttyname
 .text.generate_uuid
                0x00000000004049b7       0x6e libbb/lib.a(xfuncs_printf.o)
                0x00000000004049b7                generate_uuid
 .text.xfork    0x0000000000404a25       0x16 libbb/lib.a(xfuncs_printf.o)
                0x0000000000404a25                xfork
 .text.xvfork_parent_waits_and_exits
                0x0000000000404a3b       0x49 libbb/lib.a(xfuncs_printf.o)
                0x0000000000404a3b                xvfork_parent_waits_and_exits
 .text.wait_for_exitstatus
                0x0000000000404a84       0x21 libbb/lib.a(xfuncs_printf.o)
                0x0000000000404a84                wait_for_exitstatus
 .text.xsettimeofday
                0x0000000000404aa5       0x18 libbb/lib.a(xfuncs_printf.o)
                0x0000000000404aa5                xsettimeofday
 .text.xgettimeofday
                0x0000000000404abd        0x7 libbb/lib.a(xfuncs_printf.o)
                0x0000000000404abd                xgettimeofday
 .text.xmalloc_readlink
                0x0000000000404ac4       0x55 libbb/lib.a(xreadlink.o)
                0x0000000000404ac4                xmalloc_readlink
 .text.xmalloc_follow_symlinks
                0x0000000000404b19       0xbe libbb/lib.a(xreadlink.o)
                0x0000000000404b19                xmalloc_follow_symlinks
 .text.xmalloc_readlink_or_warn
                0x0000000000404bd7       0x49 libbb/lib.a(xreadlink.o)
                0x0000000000404bd7                xmalloc_readlink_or_warn
 .text.xmalloc_realpath
                0x0000000000404c20        0x7 libbb/lib.a(xreadlink.o)
                0x0000000000404c20                xmalloc_realpath
 .text.xmalloc_realpath_coreutils
                0x0000000000404c27      0x174 libbb/lib.a(xreadlink.o)
                0x0000000000404c27                xmalloc_realpath_coreutils
 .text.bb_copyfd_size
                0x0000000000404d9b        0xc libbb/lib.a(copyfd.o)
                0x0000000000404d9b                bb_copyfd_size
 .text.bb_full_fd_action
                0x0000000000404da7      0x118 libbb/lib.a(copyfd.o)
 .text.bb_copyfd_exact_size
                0x0000000000404ebf       0x2f libbb/lib.a(copyfd.o)
                0x0000000000404ebf                bb_copyfd_exact_size
 .text.bb_copyfd_eof
                0x0000000000404eee        0x7 libbb/lib.a(copyfd.o)
                0x0000000000404eee                bb_copyfd_eof
 .text.full_write
                0x0000000000404ef5       0x48 libbb/lib.a(full_write.o)
                0x0000000000404ef5                full_write
 .text.safe_read
                0x0000000000404f3d       0x3f libbb/lib.a(read.o)
                0x0000000000404f3d                safe_read
 .text.full_read
                0x0000000000404f7c       0x4a libbb/lib.a(read.o)
                0x0000000000404f7c                full_read
 .text.read_close
                0x0000000000404fc6       0x20 libbb/lib.a(read.o)
                0x0000000000404fc6                read_close
 .text.open_read_close
                0x0000000000404fe6       0x35 libbb/lib.a(read.o)
                0x0000000000404fe6                open_read_close
 .text.safe_write
                0x000000000040501b       0x3f libbb/lib.a(safe_write.o)
                0x000000000040501b                safe_write
 .text.record_signo
                0x000000000040505a        0x8 libbb/lib.a(signals.o)
                0x000000000040505a                record_signo
 .text.sigaction_set
                0x0000000000405062        0x7 libbb/lib.a(signals.o)
                0x0000000000405062                sigaction_set
 .text.sigprocmask_allsigs
                0x0000000000405069       0x30 libbb/lib.a(signals.o)
                0x0000000000405069                sigprocmask_allsigs
 .text.sigprocmask2
                0x0000000000405099        0x8 libbb/lib.a(signals.o)
                0x0000000000405099                sigprocmask2
 .text.bb_signals
                0x00000000004050a1       0x3d libbb/lib.a(signals.o)
                0x00000000004050a1                bb_signals
 .text.bb_signals_norestart
                0x00000000004050de       0x58 libbb/lib.a(signals.o)
                0x00000000004050de                bb_signals_norestart
 .text.sig_block
                0x0000000000405136       0x3a libbb/lib.a(signals.o)
                0x0000000000405136                sig_block
 .text.sig_unblock
                0x0000000000405170       0x3b libbb/lib.a(signals.o)
                0x0000000000405170                sig_unblock
 .text.wait_for_any_sig
                0x00000000004051ab       0x24 libbb/lib.a(signals.o)
                0x00000000004051ab                wait_for_any_sig
 .text.kill_myself_with_sig
                0x00000000004051cf       0x25 libbb/lib.a(signals.o)
                0x00000000004051cf                kill_myself_with_sig
 .text.signal_SA_RESTART_empty_mask
                0x00000000004051f4       0x3b libbb/lib.a(signals.o)
                0x00000000004051f4                signal_SA_RESTART_empty_mask
 .text.signal_no_SA_RESTART_empty_mask
                0x000000000040522f       0x30 libbb/lib.a(signals.o)
                0x000000000040522f                signal_no_SA_RESTART_empty_mask
 .text.parse_datestr
                0x000000000040525f      0x36f libbb/lib.a(time.o)
                0x000000000040525f                parse_datestr
 .text.validate_tm_time
                0x00000000004055ce       0x23 libbb/lib.a(time.o)
                0x00000000004055ce                validate_tm_time
 .text.strftime_HHMMSS
                0x00000000004055f1        0xa libbb/lib.a(time.o)
                0x00000000004055f1                strftime_HHMMSS
 .text.strftime_fmt
                0x00000000004055fb       0x55 libbb/lib.a(time.o)
 .text.strftime_YYYYMMDDHHMMSS
                0x0000000000405650        0xa libbb/lib.a(time.o)
                0x0000000000405650                strftime_YYYYMMDDHHMMSS
 .text.get_mono
                0x000000000040565a       0x1c libbb/lib.a(time.o)
 .text.monotonic_us
                0x0000000000405676       0x2e libbb/lib.a(time.o)
                0x0000000000405676                monotonic_us
 .text.monotonic_ms
                0x00000000004056a4       0x2e libbb/lib.a(time.o)
                0x00000000004056a4                monotonic_ms
 .text.monotonic_sec
                0x00000000004056d2       0x18 libbb/lib.a(time.o)
                0x00000000004056d2                monotonic_sec
 .text.xrealloc_getcwd_or_warn
                0x00000000004056ea       0x7d libbb/lib.a(xgetcwd.o)
                0x00000000004056ea                xrealloc_getcwd_or_warn
 .text.bb_strtoull
                0x0000000000405767       0x55 libbb/lib.a(bb_strtonum.o)
                0x0000000000405767                bb_strtoull
 .text.handle_errors
                0x00000000004057bc       0x4d libbb/lib.a(bb_strtonum.o)
 .text.bb_strtoll
                0x0000000000405809       0x5c libbb/lib.a(bb_strtonum.o)
                0x0000000000405809                bb_strtoll
 .text.bb_strtou
                0x0000000000405865       0x5e libbb/lib.a(bb_strtonum.o)
                0x0000000000405865                bb_strtou
 .text.bb_strtoi
                0x00000000004058c3       0x75 libbb/lib.a(bb_strtonum.o)
                0x00000000004058c3                bb_strtoi
 .text.getXXnam_r
                0x0000000000405938       0xa3 libpwdgrp/lib.a(pwd_grp.o)
 .text.bb_internal_getspnam_r
                0x00000000004059db        0xb libpwdgrp/lib.a(pwd_grp.o)
                0x00000000004059db                bb_internal_getspnam_r
 .text.bb_internal_getpwent
                0x00000000004059e6       0x53 libpwdgrp/lib.a(pwd_grp.o)
                0x00000000004059e6                bb_internal_getpwent
 .text.bb_internal_getpwnam
                0x0000000000405a39        0x7 libpwdgrp/lib.a(pwd_grp.o)
                0x0000000000405a39                bb_internal_getpwnam
 .text.getXXnam
                0x0000000000405a40       0x3b libpwdgrp/lib.a(pwd_grp.o)
 .text.bb_internal_getgrnam
                0x0000000000405a7b        0x8 libpwdgrp/lib.a(pwd_grp.o)
                0x0000000000405a7b                bb_internal_getgrnam
 .text.bb_internal_getpwuid
                0x0000000000405a83       0x12 libpwdgrp/lib.a(pwd_grp.o)
                0x0000000000405a83                bb_internal_getpwuid
 .text.bb_internal_getgrgid
                0x0000000000405a95       0x12 libpwdgrp/lib.a(pwd_grp.o)
                0x0000000000405a95                bb_internal_getgrgid
 .text.bb_internal_endpwent
                0x0000000000405aa7       0x2c libpwdgrp/lib.a(pwd_grp.o)
                0x0000000000405aa7                bb_internal_endpwent
 .text.bb_internal_setpwent
                0x0000000000405ad3       0x1a libpwdgrp/lib.a(pwd_grp.o)
                0x0000000000405ad3                bb_internal_setpwent
 .text.bb_internal_endgrent
                0x0000000000405aed       0x2c libpwdgrp/lib.a(pwd_grp.o)
                0x0000000000405aed                bb_internal_endgrent
 .text.bb_internal_initgroups
                0x0000000000405b19       0x38 libpwdgrp/lib.a(pwd_grp.o)
                0x0000000000405b19                bb_internal_initgroups
 .text.getgrouplist_internal
                0x0000000000405b51      0x139 libpwdgrp/lib.a(pwd_grp.o)
 .text.bb_internal_getgrouplist
                0x0000000000405c8a       0x53 libpwdgrp/lib.a(pwd_grp.o)
                0x0000000000405c8a                bb_internal_getgrouplist
 .text.get_S    0x0000000000405cdd       0x65 libpwdgrp/lib.a(pwd_grp.o)
 .text.parse_file
                0x0000000000405d42       0x4e libpwdgrp/lib.a(pwd_grp.o)
 .text.parse_common
                0x0000000000405d90      0x133 libpwdgrp/lib.a(pwd_grp.o)
 .text.tokenize
                0x0000000000405ec3       0xb7 libpwdgrp/lib.a(pwd_grp.o)
 .text.convert_to_struct
                0x0000000000405f7a      0x139 libpwdgrp/lib.a(pwd_grp.o)
 .text.massage_data_for_non_r_func
                0x00000000004060b3       0x70 libpwdgrp/lib.a(pwd_grp.o)
 .text.get_uidgid
                0x0000000000406123       0xef libpwdgrp/lib.a(uidgid_get.o)
                0x0000000000406123                get_uidgid
 .text.xget_uidgid
                0x0000000000406212       0x1e libpwdgrp/lib.a(uidgid_get.o)
                0x0000000000406212                xget_uidgid
 .text.parse_chown_usergroup_or_die
                0x0000000000406230       0x7c libpwdgrp/lib.a(uidgid_get.o)
                0x0000000000406230                parse_chown_usergroup_or_die
 .text.add_remove_shell_main
                0x00000000004062ac      0x159 loginutils/lib.a(add-remove-shell.o)
                0x00000000004062ac                add_remove_shell_main
 .text.addgroup_main
                0x0000000000406405      0x1ea loginutils/lib.a(addgroup.o)
                0x0000000000406405                addgroup_main
 .text.adduser_main
                0x00000000004065ef      0x3c0 loginutils/lib.a(adduser.o)
                0x00000000004065ef                adduser_main
 .text.addgroup_wrapper
                0x00000000004069af       0x5a loginutils/lib.a(adduser.o)
 .text.passwd_wrapper
                0x0000000000406a09       0x27 loginutils/lib.a(adduser.o)
 .text.chpasswd_main
                0x0000000000406a30      0x17e loginutils/lib.a(chpasswd.o)
                0x0000000000406a30                chpasswd_main
 .text.cryptpw_main
                0x0000000000406bae       0xed loginutils/lib.a(cryptpw.o)
                0x0000000000406bae                cryptpw_main
 .text.deluser_main
                0x0000000000406c9b      0x1a6 loginutils/lib.a(deluser.o)
                0x0000000000406c9b                deluser_main
 .text.getty_main
                0x0000000000406e41      0x475 loginutils/lib.a(getty.o)
                0x0000000000406e41                getty_main
 .text.sleep10  0x00000000004072b6        0x8 loginutils/lib.a(getty.o)
 .text.open_tty
                0x00000000004072be       0xac loginutils/lib.a(getty.o)
 .text.alarm_handler
                0x000000000040736a        0xb loginutils/lib.a(getty.o)
 .text.get_logname
                0x0000000000407375      0x184 loginutils/lib.a(getty.o)
 .text.set_tty_attrs
                0x00000000004074f9       0x21 loginutils/lib.a(getty.o)
 .text.finalize_tty_attrs
                0x000000000040751a       0x50 loginutils/lib.a(getty.o)
 .text.bcode    0x000000000040756a       0x19 loginutils/lib.a(getty.o)
 .text.login_main
                0x0000000000407583      0x432 loginutils/lib.a(login.o)
                0x0000000000407583                login_main
 .text.alarm_handler
                0x00000000004079b5       0x37 loginutils/lib.a(login.o)
 .text.die_if_nologin
                0x00000000004079ec       0x84 loginutils/lib.a(login.o)
 .text.motd     0x0000000000407a70       0x2e loginutils/lib.a(login.o)
 .text.passwd_main
                0x0000000000407a9e      0x2b2 loginutils/lib.a(passwd.o)
                0x0000000000407a9e                passwd_main
 .text.new_password
                0x0000000000407d50      0x12c loginutils/lib.a(passwd.o)
 .text.su_main  0x0000000000407e7c      0x235 loginutils/lib.a(su.o)
                0x0000000000407e7c                su_main
 .text.sulogin_main
                0x00000000004080b1      0x158 loginutils/lib.a(sulogin.o)
                0x00000000004080b1                sulogin_main
 .text.vlock_main
                0x0000000000408209      0x16c loginutils/lib.a(vlock.o)
                0x0000000000408209                vlock_main
 .text.release_vt
                0x0000000000408375       0x1a loginutils/lib.a(vlock.o)
 .text.acquire_vt
                0x000000000040838f       0x11 loginutils/lib.a(vlock.o)
 .text.makemime_main
                0x00000000004083a0      0x168 mailutils/lib.a(makemime.o)
                0x00000000004083a0                makemime_main
 .text.popmaildir_main
                0x0000000000408508      0x362 mailutils/lib.a(popmaildir.o)
                0x0000000000408508                popmaildir_main
 .text.pop3_checkr
                0x000000000040886a       0x91 mailutils/lib.a(popmaildir.o)
 .text.pop3_check
                0x00000000004088fb        0x7 mailutils/lib.a(popmaildir.o)
 .text.reformime_main
                0x0000000000408902       0x7f mailutils/lib.a(reformime.o)
                0x0000000000408902                reformime_main
 .text.parse    0x0000000000408981      0x489 mailutils/lib.a(reformime.o)
 .text.find_token
                0x0000000000408e0a       0x45 mailutils/lib.a(reformime.o)
 .text.sendmail_main
                0x0000000000408e4f      0x60c mailutils/lib.a(sendmail.o)
                0x0000000000408e4f                sendmail_main
 .text.sane_address
                0x000000000040945b       0x5f mailutils/lib.a(sendmail.o)
 .text.smtp_check
                0x00000000004094ba        0x9 mailutils/lib.a(sendmail.o)
 .text.smtp_checkp
                0x00000000004094c3       0xd0 mailutils/lib.a(sendmail.o)
 .text.rcptto_list
                0x0000000000409593       0x81 mailutils/lib.a(sendmail.o)
 .text.rcptto   0x0000000000409614       0x32 mailutils/lib.a(sendmail.o)
 .text.angle_address
                0x0000000000409646       0x44 mailutils/lib.a(sendmail.o)
 .text.launch_helper
                0x000000000040968a       0xca mailutils/lib.a(mail.o)
                0x000000000040968a                launch_helper
 .text.signal_handler
                0x0000000000409754       0x7f mailutils/lib.a(mail.o)
 .text.send_r_n
                0x00000000004097d3       0x30 mailutils/lib.a(mail.o)
                0x00000000004097d3                send_r_n
 .text.send_mail_command
                0x0000000000409803       0x4e mailutils/lib.a(mail.o)
                0x0000000000409803                send_mail_command
 .text.printstr_base64
                0x0000000000409851       0x17 mailutils/lib.a(mail.o)
                0x0000000000409851                printstr_base64
 .text.encode_n_base64
                0x0000000000409868      0x11a mailutils/lib.a(mail.o)
 .text.printbuf_base64
                0x0000000000409982        0xf mailutils/lib.a(mail.o)
                0x0000000000409982                printbuf_base64
 .text.printfile_base64
                0x0000000000409991        0x9 mailutils/lib.a(mail.o)
                0x0000000000409991                printfile_base64
 .text.get_cred_or_die
                0x000000000040999a       0x7e mailutils/lib.a(mail.o)
                0x000000000040999a                get_cred_or_die
 .text.adjtimex_main
                0x0000000000409a18      0x1c4 miscutils/lib.a(adjtimex.o)
                0x0000000000409a18                adjtimex_main
 .text.ascii_main
                0x0000000000409bdc       0xe5 miscutils/lib.a(ascii.o)
                0x0000000000409bdc                ascii_main
 .text.bc_main  0x0000000000409cc1       0x49 miscutils/lib.a(bc.o)
                0x0000000000409cc1                bc_main
 .text.xc_vm_init
                0x0000000000409d0a      0x2ff miscutils/lib.a(bc.o)
 .text.bc_args  0x000000000040a009       0x8d miscutils/lib.a(bc.o)
 .text.bc_vm_info
                0x000000000040a096       0x13 miscutils/lib.a(bc.o)
 .text.xc_vm_run
                0x000000000040a0a9       0x70 miscutils/lib.a(bc.o)
 .text.dc_main  0x000000000040a119       0xcf miscutils/lib.a(bc.o)
                0x000000000040a119                dc_main
 .text.zxc_vm_process
                0x000000000040a1e8     0x1b7d miscutils/lib.a(bc.o)
 .text.zxc_vm_file
                0x000000000040bd65       0x2b miscutils/lib.a(bc.o)
 .text.bc_vec_push
                0x000000000040bd90        0xb miscutils/lib.a(bc.o)
 .text.bc_vec_init
                0x000000000040bd9b       0x2a miscutils/lib.a(bc.o)
 .text.xc_parse_create
                0x000000000040bdc5       0x75 miscutils/lib.a(bc.o)
 .text.bc_num_init_DEF_SIZE
                0x000000000040be3a        0x8 miscutils/lib.a(bc.o)
 .text.bc_func_free
                0x000000000040be42       0x34 miscutils/lib.a(bc.o)
 .text.bc_id_free
                0x000000000040be76        0x8 miscutils/lib.a(bc.o)
 .text.bc_program_addFunc
                0x000000000040be7e       0x97 miscutils/lib.a(bc.o)
 .text.xc_program_add_fn
                0x000000000040bf15       0x32 miscutils/lib.a(bc.o)
 .text.bc_vec_free
                0x000000000040bf47       0x12 miscutils/lib.a(bc.o)
 .text.bc_string_free
                0x000000000040bf59        0x8 miscutils/lib.a(bc.o)
 .text.bc_result_free
                0x000000000040bf61       0x2c miscutils/lib.a(bc.o)
 .text.bc_char_vec_init
                0x000000000040bf8d        0xa miscutils/lib.a(bc.o)
 .text.bc_num_init
                0x000000000040bf97       0x35 miscutils/lib.a(bc.o)
 .text.bc_map_insert
                0x000000000040bfcc       0xc8 miscutils/lib.a(bc.o)
 .text.bc_func_init
                0x000000000040c094       0x64 miscutils/lib.a(bc.o)
 .text.bc_map_find_ge
                0x000000000040c0f8       0x5d miscutils/lib.a(bc.o)
 .text.bc_id_cmp
                0x000000000040c155        0xb miscutils/lib.a(bc.o)
 .text.bc_vec_grow
                0x000000000040c160       0x36 miscutils/lib.a(bc.o)
 .text.bc_vec_pop_all
                0x000000000040c196        0x9 miscutils/lib.a(bc.o)
 .text.bc_vec_npop
                0x000000000040c19f       0x41 miscutils/lib.a(bc.o)
 .text.bc_num_free
                0x000000000040c1e0        0x8 miscutils/lib.a(bc.o)
 .text.zxc_vm_execute_FILE
                0x000000000040c1e8       0x3c miscutils/lib.a(bc.o)
 .text.zxc_parse_text_init
                0x000000000040c224       0x2c miscutils/lib.a(bc.o)
 .text.bc_error_at
                0x000000000040c250       0x56 miscutils/lib.a(bc.o)
 .text.zdc_parse_expr
                0x000000000040c2a6      0x1b8 miscutils/lib.a(bc.o)
 .text.xc_program_reset
                0x000000000040c45e       0x55 miscutils/lib.a(bc.o)
 .text.zxc_lex_next
                0x000000000040c4b3      0x690 miscutils/lib.a(bc.o)
 .text.zbc_parse_stmt
                0x000000000040cb43        0x7 miscutils/lib.a(bc.o)
 .text.bc_error_bad_function_definition
                0x000000000040cb4a        0xa miscutils/lib.a(bc.o)
 .text.zbc_POSIX_does_not_allow
                0x000000000040cb54       0x14 miscutils/lib.a(bc.o)
 .text.zbc_func_insert
                0x000000000040cb68       0x74 miscutils/lib.a(bc.o)
 .text.zbc_POSIX_requires
                0x000000000040cbdc        0xf miscutils/lib.a(bc.o)
 .text.zbc_lex_skip_if_at_NLINE
                0x000000000040cbeb       0x13 miscutils/lib.a(bc.o)
 .text.bc_error
                0x000000000040cbfe        0xf miscutils/lib.a(bc.o)
 .text.zbc_parse_stmt_possibly_auto
                0x000000000040cc0d      0x6be miscutils/lib.a(bc.o)
 .text.xc_parse_push
                0x000000000040d2cb       0x17 miscutils/lib.a(bc.o)
 .text.zbc_posix_error_fmt
                0x000000000040d2e2       0xc0 miscutils/lib.a(bc.o)
 .text.bc_verror_msg
                0x000000000040d3a2       0x7a miscutils/lib.a(bc.o)
 .text.bc_error_fmt
                0x000000000040d41c       0xa0 miscutils/lib.a(bc.o)
 .text.zbc_parse_expr
                0x000000000040d4bc      0x825 miscutils/lib.a(bc.o)
 .text.zbc_parse_pushSTR
                0x000000000040dce1       0x49 miscutils/lib.a(bc.o)
 .text.quit     0x000000000040dd2a       0x27 miscutils/lib.a(bc.o)
 .text.bc_error_bad_token
                0x000000000040dd51        0xa miscutils/lib.a(bc.o)
 .text.bc_error_bad_assignment
                0x000000000040dd5b        0xa miscutils/lib.a(bc.o)
 .text.bc_error_bad_expression
                0x000000000040dd65        0xa miscutils/lib.a(bc.o)
 .text.bc_parse_operator
                0x000000000040dd6f       0xd5 miscutils/lib.a(bc.o)
 .text.zbc_parse_name
                0x000000000040de44      0x1c9 miscutils/lib.a(bc.o)
 .text.xc_parse_pushNUM
                0x000000000040e00d       0x55 miscutils/lib.a(bc.o)
 .text.bc_vec_pop
                0x000000000040e062       0x22 miscutils/lib.a(bc.o)
 .text.xc_parse_pushName
                0x000000000040e084       0x4f miscutils/lib.a(bc.o)
 .text.bc_vec_expand
                0x000000000040e0d3       0x2f miscutils/lib.a(bc.o)
 .text.bc_map_find_exact
                0x000000000040e102       0x43 miscutils/lib.a(bc.o)
 .text.xc_parse_pushIndex
                0x000000000040e145       0x13 miscutils/lib.a(bc.o)
 .text.xc_parse_pushInst_and_Index
                0x000000000040e158       0x12 miscutils/lib.a(bc.o)
 .text.bc_vec_pushIndex
                0x000000000040e16a       0x6b miscutils/lib.a(bc.o)
 .text.bc_vec_pushByte
                0x000000000040e1d5       0x13 miscutils/lib.a(bc.o)
 .text.bc_parse_pushJUMP
                0x000000000040e1e8        0xb miscutils/lib.a(bc.o)
 .text.zbc_POSIX_does_not_allow_empty_X_expression_in_for
                0x000000000040e1f3       0x14 miscutils/lib.a(bc.o)
 .text.bc_vec_string
                0x000000000040e207       0x3e miscutils/lib.a(bc.o)
 .text.bc_parse_pushJUMP_ZERO
                0x000000000040e245        0xb miscutils/lib.a(bc.o)
 .text.zbc_parse_stmt_allow_NLINE_before
                0x000000000040e250       0x3c miscutils/lib.a(bc.o)
 .text.bc_vec_pushZeroByte
                0x000000000040e28c        0xa miscutils/lib.a(bc.o)
 .text.fflush_and_check
                0x000000000040e296       0x32 miscutils/lib.a(bc.o)
 .text.zdc_parse_mem
                0x000000000040e2c8       0x47 miscutils/lib.a(bc.o)
 .text.zdc_parse_register
                0x000000000040e30f       0x2f miscutils/lib.a(bc.o)
 .text.zxc_program_prep
                0x000000000040e33e       0x75 miscutils/lib.a(bc.o)
 .text.bc_num_cmp
                0x000000000040e3b3       0xfa miscutils/lib.a(bc.o)
 .text.xc_program_index
                0x000000000040e4ad       0x4a miscutils/lib.a(bc.o)
 .text.xc_program_pushVar
                0x000000000040e4f7       0xd2 miscutils/lib.a(bc.o)
 .text.bc_error_stack_has_too_few_elements
                0x000000000040e5c9        0xa miscutils/lib.a(bc.o)
 .text.xc_program_print
                0x000000000040e5d3      0x305 miscutils/lib.a(bc.o)
 .text.zxc_program_assign
                0x000000000040e8d8      0x1a6 miscutils/lib.a(bc.o)
 .text.xc_program_name
                0x000000000040ea7e       0x2f miscutils/lib.a(bc.o)
 .text.zxc_program_popResultAndCopyToVar
                0x000000000040eaad      0x26d miscutils/lib.a(bc.o)
 .text.zxc_program_num
                0x000000000040ed1a      0x4e4 miscutils/lib.a(bc.o)
 .text.bc_num_init_and_copy
                0x000000000040f1fe       0x25 miscutils/lib.a(bc.o)
 .text.xc_program_search
                0x000000000040f223       0xbf miscutils/lib.a(bc.o)
 .text.xc_program_dereference
                0x000000000040f2e2       0x58 miscutils/lib.a(bc.o)
 .text.bc_array_expand
                0x000000000040f33a       0x66 miscutils/lib.a(bc.o)
 .text.bc_program_current_func
                0x000000000040f3a0       0x34 miscutils/lib.a(bc.o)
 .text.bc_num_expand
                0x000000000040f3d4       0x33 miscutils/lib.a(bc.o)
 .text.bc_num_ulong2num
                0x000000000040f407       0x4a miscutils/lib.a(bc.o)
 .text.zbc_num_mul
                0x000000000040f451       0x41 miscutils/lib.a(bc.o)
 .text.zbc_num_add
                0x000000000040f492       0x4c miscutils/lib.a(bc.o)
 .text.zbc_num_div
                0x000000000040f4de       0x41 miscutils/lib.a(bc.o)
 .text.bc_num_extend
                0x000000000040f51f       0x61 miscutils/lib.a(bc.o)
 .text.BC_NUM_MREQ
                0x000000000040f580       0x22 miscutils/lib.a(bc.o)
 .text.zbc_num_binary
                0x000000000040f5a2       0xba miscutils/lib.a(bc.o)
 .text.zbc_num_m
                0x000000000040f65c      0x11d miscutils/lib.a(bc.o)
 .text.zbc_num_shift
                0x000000000040f779       0x62 miscutils/lib.a(bc.o)
 .text.zbc_num_k
                0x000000000040f7db      0x3f2 miscutils/lib.a(bc.o)
 .text.bc_num_retireMul
                0x000000000040fbcd       0x4a miscutils/lib.a(bc.o)
 .text.bc_num_clean
                0x000000000040fc17       0x33 miscutils/lib.a(bc.o)
 .text.bc_num_copy
                0x000000000040fc4a       0x3f miscutils/lib.a(bc.o)
 .text.bc_num_split
                0x000000000040fc89       0x7c miscutils/lib.a(bc.o)
 .text.zbc_num_sub
                0x000000000040fd05       0x4d miscutils/lib.a(bc.o)
 .text.zbc_num_s
                0x000000000040fd52      0x113 miscutils/lib.a(bc.o)
 .text.zbc_num_a
                0x000000000040fe65      0x151 miscutils/lib.a(bc.o)
 .text.BC_NUM_AREQ
                0x000000000040ffb6       0x2f miscutils/lib.a(bc.o)
 .text.bc_num_subArrays
                0x000000000040ffe5       0x3e miscutils/lib.a(bc.o)
 .text.bc_num_truncate
                0x0000000000410023       0x25 miscutils/lib.a(bc.o)
 .text.zbc_num_d
                0x0000000000410048      0x26e miscutils/lib.a(bc.o)
 .text.bc_num_compare
                0x00000000004102b6       0x2a miscutils/lib.a(bc.o)
 .text.bc_array_init
                0x00000000004102e0       0x28 miscutils/lib.a(bc.o)
 .text.bc_error_variable_is_wrong_type
                0x0000000000410308        0xa miscutils/lib.a(bc.o)
 .text.bc_result_pop_and_push
                0x0000000000410312       0x53 miscutils/lib.a(bc.o)
 .text.zxc_program_binOpPrep
                0x0000000000410365      0x115 miscutils/lib.a(bc.o)
 .text.xc_program_binOpRetire
                0x000000000041047a       0x21 miscutils/lib.a(bc.o)
 .text.xc_read_line
                0x000000000041049b      0x176 miscutils/lib.a(bc.o)
 .text.zdc_parse_exprs_until_eof
                0x0000000000410611       0x2b miscutils/lib.a(bc.o)
 .text.xc_parse_free
                0x000000000041063c       0x36 miscutils/lib.a(bc.o)
 .text.bad_input_byte
                0x0000000000410672       0x40 miscutils/lib.a(bc.o)
 .text.zbc_num_ulong
                0x00000000004106b2       0x1a miscutils/lib.a(bc.o)
 .text.zbc_num_ulong_abs
                0x00000000004106cc       0x48 miscutils/lib.a(bc.o)
 .text.zbc_num_sqrt
                0x0000000000410714      0x312 miscutils/lib.a(bc.o)
 .text.xc_program_str
                0x0000000000410a26       0x41 miscutils/lib.a(bc.o)
 .text.bc_num_printNewline
                0x0000000000410a67       0x35 miscutils/lib.a(bc.o)
 .text.bc_num_printHex
                0x0000000000410a9c       0x52 miscutils/lib.a(bc.o)
 .text.bc_num_printDigits
                0x0000000000410aee       0x99 miscutils/lib.a(bc.o)
 .text.zxc_num_printNum
                0x0000000000410b87      0x303 miscutils/lib.a(bc.o)
 .text.zbc_num_divmod
                0x0000000000410e8a       0xb1 miscutils/lib.a(bc.o)
 .text.zbc_num_r
                0x0000000000410f3b       0xf8 miscutils/lib.a(bc.o)
 .text.zbc_num_pow
                0x0000000000411033       0x17 miscutils/lib.a(bc.o)
 .text.zbc_num_mod
                0x000000000041104a       0x41 miscutils/lib.a(bc.o)
 .text.zbc_num_p
                0x000000000041108b      0x23d miscutils/lib.a(bc.o)
 .text.zbc_num_inv
                0x00000000004112c8       0x44 miscutils/lib.a(bc.o)
 .text.zbc_num_rem
                0x000000000041130c       0x75 miscutils/lib.a(bc.o)
 .text.zdc_program_assignStr
                0x0000000000411381       0x87 miscutils/lib.a(bc.o)
 .text.dc_num_printChar
                0x0000000000411408       0x1d miscutils/lib.a(bc.o)
 .text.bc_vec_npush
                0x0000000000411425       0x56 miscutils/lib.a(bc.o)
 .text.peek_inbuf
                0x000000000041147b       0x4d miscutils/lib.a(bc.o)
 .text.eat_inbuf
                0x00000000004114c8       0x17 miscutils/lib.a(bc.o)
 .text.xc_lex_whitespace
                0x00000000004114df       0x35 miscutils/lib.a(bc.o)
 .text.zbc_POSIX_does_not_allow_bool_ops_this_is_bad
                0x0000000000411514       0x19 miscutils/lib.a(bc.o)
 .text.xc_lex_lineComment
                0x000000000041152d       0x25 miscutils/lib.a(bc.o)
 .text.bc_error_bad_character
                0x0000000000411552       0x1e miscutils/lib.a(bc.o)
 .text.zxc_lex_number
                0x0000000000411570       0xf1 miscutils/lib.a(bc.o)
 .text.xc_lex_name
                0x0000000000411661       0x5b miscutils/lib.a(bc.o)
 .text.beep_main
                0x00000000004116bc      0x16c miscutils/lib.a(beep.o)
                0x00000000004116bc                beep_main
 .text.chat_main
                0x0000000000411828      0x562 miscutils/lib.a(chat.o)
                0x0000000000411828                chat_main
 .text.signal_handler
                0x0000000000411d8a        0x8 miscutils/lib.a(chat.o)
 .text.unescape
                0x0000000000411d92       0xad miscutils/lib.a(chat.o)
 .text.conspy_main
                0x0000000000411e3f      0x58d miscutils/lib.a(conspy.o)
                0x0000000000411e3f                conspy_main
 .text.create_cdev_if_doesnt_exist
                0x00000000004123cc       0x51 miscutils/lib.a(conspy.o)
 .text.start_shell_in_child
                0x000000000041241d       0xe8 miscutils/lib.a(conspy.o)
 .text.screen_read_close
                0x0000000000412505       0xf0 miscutils/lib.a(conspy.o)
 .text.screen_dump
                0x00000000004125f5       0xce miscutils/lib.a(conspy.o)
 .text.cleanup  0x00000000004126c3       0x4c miscutils/lib.a(conspy.o)
 .text.gotoxy   0x000000000041270f       0x2a miscutils/lib.a(conspy.o)
 .text.screen_char
                0x0000000000412739       0xed miscutils/lib.a(conspy.o)
 .text.set_cursor
                0x0000000000412826       0x2f miscutils/lib.a(conspy.o)
 .text.putcsi   0x0000000000412855       0x17 miscutils/lib.a(conspy.o)
 .text.crond_main
                0x000000000041286c      0x33a miscutils/lib.a(crond.o)
                0x000000000041286c                crond_main
 .text.reopen_logfile_to_stderr
                0x0000000000412ba6       0x2b miscutils/lib.a(crond.o)
 .text.log8     0x0000000000412bd1       0x91 miscutils/lib.a(crond.o)
 .text.rescan_crontab_dir
                0x0000000000412c62       0x99 miscutils/lib.a(crond.o)
 .text.touch_reboot_file
                0x0000000000412cfb       0x28 miscutils/lib.a(crond.o)
 .text.start_jobs
                0x0000000000412d23       0x78 miscutils/lib.a(crond.o)
 .text.process_cron_update_file
                0x0000000000412d9b       0x66 miscutils/lib.a(crond.o)
 .text.log5     0x0000000000412e01       0x91 miscutils/lib.a(crond.o)
 .text.crondlog
                0x0000000000412e92       0x14 miscutils/lib.a(crond.o)
 .text.delete_cronfile
                0x0000000000412ea6       0x9a miscutils/lib.a(crond.o)
 .text.load_crontab
                0x0000000000412f40      0x422 miscutils/lib.a(crond.o)
 .text.log7     0x0000000000413362       0x90 miscutils/lib.a(crond.o)
 .text.ParseField
                0x00000000004133f2      0x1bf miscutils/lib.a(crond.o)
 .text.start_one_job
                0x00000000004135b1       0xff miscutils/lib.a(crond.o)
 .text.fork_job
                0x00000000004136b0      0x1a0 miscutils/lib.a(crond.o)
 .text.safe_setenv
                0x0000000000413850       0x3d miscutils/lib.a(crond.o)
 .text.process_finished_job
                0x000000000041388d       0xdd miscutils/lib.a(crond.o)
 .text.crontab_main
                0x000000000041396a      0x291 miscutils/lib.a(crontab.o)
                0x000000000041396a                crontab_main
 .text.edit_file
                0x0000000000413bfb       0x8e miscutils/lib.a(crontab.o)
 .text.devmem_main
                0x0000000000413c89      0x1e4 miscutils/lib.a(devmem.o)
                0x0000000000413c89                devmem_main
 .text.fbsplash_main
                0x0000000000413e6d      0x1cc miscutils/lib.a(fbsplash.o)
                0x0000000000413e6d                fbsplash_main
 .text.fb_open  0x0000000000414039      0x1ae miscutils/lib.a(fbsplash.o)
 .text.fb_drawimage
                0x00000000004141e7      0x1d2 miscutils/lib.a(fbsplash.o)
 .text.fb_drawprogressbar
                0x00000000004143b9      0x204 miscutils/lib.a(fbsplash.o)
 .text.fb_pixel_value
                0x00000000004145bd       0x6d miscutils/lib.a(fbsplash.o)
 .text.fb_write_pixel
                0x000000000041462a       0x34 miscutils/lib.a(fbsplash.o)
 .text.fb_drawfullrectangle
                0x000000000041465e       0x96 miscutils/lib.a(fbsplash.o)
 .text.hdparm_main
                0x00000000004146f4      0x47f miscutils/lib.a(hdparm.o)
                0x00000000004146f4                hdparm_main
 .text.parse_opts_0_1
                0x0000000000414b73        0xa miscutils/lib.a(hdparm.o)
 .text.parse_opts_0_max
                0x0000000000414b7d        0x9 miscutils/lib.a(hdparm.o)
 .text.parse_xfermode
                0x0000000000414b86       0xa5 miscutils/lib.a(hdparm.o)
 .text.parse_opts_0_INTMAX
                0x0000000000414c2b        0xc miscutils/lib.a(hdparm.o)
 .text.parse_opts
                0x0000000000414c37       0x25 miscutils/lib.a(hdparm.o)
 .text.identify_from_stdin
                0x0000000000414c5c       0x8b miscutils/lib.a(hdparm.o)
 .text.process_dev
                0x0000000000414ce7      0xb67 miscutils/lib.a(hdparm.o)
 .text.identify
                0x000000000041584e     0x10ac miscutils/lib.a(hdparm.o)
 .text.xprint_ascii
                0x00000000004168fa       0x8c miscutils/lib.a(hdparm.o)
 .text.mode_loop
                0x0000000000416986       0x88 miscutils/lib.a(hdparm.o)
 .text.print_flag
                0x0000000000416a0e       0x11 miscutils/lib.a(hdparm.o)
 .text.print_flag_on_off
                0x0000000000416a1f       0x1d miscutils/lib.a(hdparm.o)
 .text.interpret_xfermode
                0x0000000000416a3c       0x7f miscutils/lib.a(hdparm.o)
 .text.ioctl_alt_func
                0x0000000000416abb       0x45 miscutils/lib.a(hdparm.o)
 .text.interpret_standby
                0x0000000000416b00       0xad miscutils/lib.a(hdparm.o)
 .text.on_off   0x0000000000416bad       0x15 miscutils/lib.a(hdparm.o)
 .text.print_value_on_off
                0x0000000000416bc2       0x25 miscutils/lib.a(hdparm.o)
 .text.dump_identity
                0x0000000000416be7      0x416 miscutils/lib.a(hdparm.o)
 .text.bus_state_value
                0x0000000000416ffd       0x35 miscutils/lib.a(hdparm.o)
 .text.do_time  0x0000000000417032      0x184 miscutils/lib.a(hdparm.o)
 .text.flush_buffer_cache
                0x00000000004171b6       0x50 miscutils/lib.a(hdparm.o)
 .text.seek_to_zero
                0x0000000000417206        0xc miscutils/lib.a(hdparm.o)
 .text.read_big_block
                0x0000000000417212       0x2c miscutils/lib.a(hdparm.o)
 .text.print_timing
                0x000000000041723e       0x42 miscutils/lib.a(hdparm.o)
 .text.hexedit_main
                0x0000000000417280      0x484 miscutils/lib.a(hexedit.o)
                0x0000000000417280                hexedit_main
 .text.sig_catcher
                0x0000000000417704       0x24 miscutils/lib.a(hexedit.o)
 .text.remap    0x0000000000417728       0x8a miscutils/lib.a(hexedit.o)
 .text.redraw   0x00000000004177b2       0xd2 miscutils/lib.a(hexedit.o)
 .text.move_mapping_further
                0x0000000000417884       0x64 miscutils/lib.a(hexedit.o)
 .text.redraw_cur_line
                0x00000000004178e8       0x55 miscutils/lib.a(hexedit.o)
 .text.move_mapping_lower
                0x000000000041793d       0x57 miscutils/lib.a(hexedit.o)
 .text.restore_term
                0x0000000000417994       0x23 miscutils/lib.a(hexedit.o)
 .text.format_line
                0x00000000004179b7       0xd4 miscutils/lib.a(hexedit.o)
 .text.i2cget_main
                0x0000000000417a8b      0x188 miscutils/lib.a(i2c_tools.o)
                0x0000000000417a8b                i2cget_main
 .text.i2c_bus_lookup
                0x0000000000417c13        0xf miscutils/lib.a(i2c_tools.o)
 .text.i2c_parse_bus_addr
                0x0000000000417c22        0xe miscutils/lib.a(i2c_tools.o)
 .text.i2c_parse_data_addr
                0x0000000000417c30        0xf miscutils/lib.a(i2c_tools.o)
 .text.i2c_dev_open
                0x0000000000417c3f       0x5a miscutils/lib.a(i2c_tools.o)
 .text.check_read_funcs
                0x0000000000417c99       0xb9 miscutils/lib.a(i2c_tools.o)
 .text.i2c_set_slave_addr
                0x0000000000417d52       0x23 miscutils/lib.a(i2c_tools.o)
 .text.confirm_action
                0x0000000000417d75       0x79 miscutils/lib.a(i2c_tools.o)
 .text.i2c_set_pec
                0x0000000000417dee       0x13 miscutils/lib.a(i2c_tools.o)
 .text.i2c_smbus_write_byte
                0x0000000000417e01        0xf miscutils/lib.a(i2c_tools.o)
 .text.i2c_smbus_read_byte
                0x0000000000417e10       0x27 miscutils/lib.a(i2c_tools.o)
 .text.i2c_smbus_read_word_data
                0x0000000000417e37       0x28 miscutils/lib.a(i2c_tools.o)